###############################################################################
#
# IAR ELF Linker V9.50.2.385/W64 for ARM                  14/Dec/2024  15:30:52
# Copyright 2007-2024 IAR Systems AB.
#
#    Output file  =
#        C:\Users\34049\Desktop\Intelligence
#        Vision\project\iar\program\nor_sdram_zf_dtcm\Exe\RT106X.out
#    Map file     =
#        C:\Users\34049\Desktop\Intelligence
#        Vision\project\iar\program\nor_sdram_zf_dtcm\List\RT106X.map
#    Command line =
#        -f "C:\Users\34049\Desktop\Intelligence
#        Vision\project\iar\program\nor_sdram_zf_dtcm\Exe\RT106X.out.rsp"
#        ("C:\Users\34049\Desktop\Intelligence
#        Vision\project\iar\program\nor_sdram_zf_dtcm\Obj\code_17896468042025673432.dir\attitude.o"
#        "C:\Users\34049\Desktop\Intelligence
#        Vision\project\iar\program\nor_sdram_zf_dtcm\Obj\code_17896468042025673432.dir\auto_drive.o"
#        "C:\Users\34049\Desktop\Intelligence
#        Vision\project\iar\program\nor_sdram_zf_dtcm\Obj\sdk_device_3373403627085545761.dir\board.o"
#        "C:\Users\34049\Desktop\Intelligence
#        Vision\project\iar\program\nor_sdram_zf_dtcm\Obj\sdk_device_3373403627085545761.dir\clock_config.o"
#        "C:\Users\34049\Desktop\Intelligence
#        Vision\project\iar\program\nor_sdram_zf_dtcm\Obj\code_17896468042025673432.dir\cross.o"
#        "C:\Users\34049\Desktop\Intelligence
#        Vision\project\iar\program\nor_sdram_zf_dtcm\Obj\components_fatfs_6246014242642884545.dir\diskio.o"
#        "C:\Users\34049\Desktop\Intelligence
#        Vision\project\iar\program\nor_sdram_zf_dtcm\Obj\code_17896468042025673432.dir\encoder.o"
#        "C:\Users\34049\Desktop\Intelligence
#        Vision\project\iar\program\nor_sdram_zf_dtcm\Obj\sdk_device_3373403627085545761.dir\evkmimxrt1064_flexspi_nor_config.o"
#        "C:\Users\34049\Desktop\Intelligence
#        Vision\project\iar\program\nor_sdram_zf_dtcm\Obj\sdk_device_3373403627085545761.dir\evkmimxrt1064_sdram_ini_dcd.o"
#        "C:\Users\34049\Desktop\Intelligence
#        Vision\project\iar\program\nor_sdram_zf_dtcm\Obj\components_fatfs_6246014242642884545.dir\ff.o"
#        "C:\Users\34049\Desktop\Intelligence
#        Vision\project\iar\program\nor_sdram_zf_dtcm\Obj\components_fatfs_6246014242642884545.dir\ffsystem.o"
#        "C:\Users\34049\Desktop\Intelligence
#        Vision\project\iar\program\nor_sdram_zf_dtcm\Obj\components_fatfs_6246014242642884545.dir\ffunicode.o"
#        "C:\Users\34049\Desktop\Intelligence
#        Vision\project\iar\program\nor_sdram_zf_dtcm\Obj\code_17896468042025673432.dir\filter.o"
#        "C:\Users\34049\Desktop\Intelligence
#        Vision\project\iar\program\nor_sdram_zf_dtcm\Obj\sdk_device_3373403627085545761.dir\fsl_adapter_lpuart.o"
#        "C:\Users\34049\Desktop\Intelligence
#        Vision\project\iar\program\nor_sdram_zf_dtcm\Obj\sdk_drivers_13454894214809048885.dir\fsl_adc.o"
#        "C:\Users\34049\Desktop\Intelligence
#        Vision\project\iar\program\nor_sdram_zf_dtcm\Obj\sdk_drivers_13454894214809048885.dir\fsl_adc_etc.o"
#        "C:\Users\34049\Desktop\Intelligence
#        Vision\project\iar\program\nor_sdram_zf_dtcm\Obj\sdk_drivers_13454894214809048885.dir\fsl_aipstz.o"
#        "C:\Users\34049\Desktop\Intelligence
#        Vision\project\iar\program\nor_sdram_zf_dtcm\Obj\sdk_drivers_13454894214809048885.dir\fsl_aoi.o"
#        "C:\Users\34049\Desktop\Intelligence
#        Vision\project\iar\program\nor_sdram_zf_dtcm\Obj\sdk_device_3373403627085545761.dir\fsl_assert.o"
#        "C:\Users\34049\Desktop\Intelligence
#        Vision\project\iar\program\nor_sdram_zf_dtcm\Obj\sdk_drivers_13454894214809048885.dir\fsl_bee.o"
#        "C:\Users\34049\Desktop\Intelligence
#        Vision\project\iar\program\nor_sdram_zf_dtcm\Obj\sdk_drivers_13454894214809048885.dir\fsl_cache.o"
#        "C:\Users\34049\Desktop\Intelligence
#        Vision\project\iar\program\nor_sdram_zf_dtcm\Obj\sdk_drivers_13454894214809048885.dir\fsl_clock.o"
#        "C:\Users\34049\Desktop\Intelligence
#        Vision\project\iar\program\nor_sdram_zf_dtcm\Obj\sdk_drivers_13454894214809048885.dir\fsl_cmp.o"
#        "C:\Users\34049\Desktop\Intelligence
#        Vision\project\iar\program\nor_sdram_zf_dtcm\Obj\sdk_drivers_13454894214809048885.dir\fsl_common.o"
#        "C:\Users\34049\Desktop\Intelligence
#        Vision\project\iar\program\nor_sdram_zf_dtcm\Obj\sdk_drivers_13454894214809048885.dir\fsl_common_arm.o"
#        "C:\Users\34049\Desktop\Intelligence
#        Vision\project\iar\program\nor_sdram_zf_dtcm\Obj\sdk_device_3373403627085545761.dir\fsl_component_generic_list.o"
#        "C:\Users\34049\Desktop\Intelligence
#        Vision\project\iar\program\nor_sdram_zf_dtcm\Obj\sdk_drivers_13454894214809048885.dir\fsl_csi.o"
#        "C:\Users\34049\Desktop\Intelligence
#        Vision\project\iar\program\nor_sdram_zf_dtcm\Obj\sdk_drivers_13454894214809048885.dir\fsl_dcdc.o"
#        "C:\Users\34049\Desktop\Intelligence
#        Vision\project\iar\program\nor_sdram_zf_dtcm\Obj\sdk_drivers_13454894214809048885.dir\fsl_dcp.o"
#        "C:\Users\34049\Desktop\Intelligence
#        Vision\project\iar\program\nor_sdram_zf_dtcm\Obj\sdk_device_3373403627085545761.dir\fsl_debug_console.o"
#        "C:\Users\34049\Desktop\Intelligence
#        Vision\project\iar\program\nor_sdram_zf_dtcm\Obj\sdk_drivers_13454894214809048885.dir\fsl_dmamux.o"
#        "C:\Users\34049\Desktop\Intelligence
#        Vision\project\iar\program\nor_sdram_zf_dtcm\Obj\sdk_drivers_13454894214809048885.dir\fsl_edma.o"
#        "C:\Users\34049\Desktop\Intelligence
#        Vision\project\iar\program\nor_sdram_zf_dtcm\Obj\sdk_drivers_13454894214809048885.dir\fsl_elcdif.o"
#        "C:\Users\34049\Desktop\Intelligence
#        Vision\project\iar\program\nor_sdram_zf_dtcm\Obj\sdk_drivers_13454894214809048885.dir\fsl_enc.o"
#        "C:\Users\34049\Desktop\Intelligence
#        Vision\project\iar\program\nor_sdram_zf_dtcm\Obj\sdk_drivers_13454894214809048885.dir\fsl_enet.o"
#        "C:\Users\34049\Desktop\Intelligence
#        Vision\project\iar\program\nor_sdram_zf_dtcm\Obj\sdk_drivers_13454894214809048885.dir\fsl_ewm.o"
#        "C:\Users\34049\Desktop\Intelligence
#        Vision\project\iar\program\nor_sdram_zf_dtcm\Obj\sdk_drivers_13454894214809048885.dir\fsl_flexcan.o"
#        "C:\Users\34049\Desktop\Intelligence
#        Vision\project\iar\program\nor_sdram_zf_dtcm\Obj\sdk_drivers_13454894214809048885.dir\fsl_flexcan_edma.o"
#        "C:\Users\34049\Desktop\Intelligence
#        Vision\project\iar\program\nor_sdram_zf_dtcm\Obj\sdk_drivers_13454894214809048885.dir\fsl_flexio.o"
#        "C:\Users\34049\Desktop\Intelligence
#        Vision\project\iar\program\nor_sdram_zf_dtcm\Obj\sdk_drivers_13454894214809048885.dir\fsl_flexio_camera.o"
#        "C:\Users\34049\Desktop\Intelligence
#        Vision\project\iar\program\nor_sdram_zf_dtcm\Obj\sdk_drivers_13454894214809048885.dir\fsl_flexio_camera_edma.o"
#        "C:\Users\34049\Desktop\Intelligence
#        Vision\project\iar\program\nor_sdram_zf_dtcm\Obj\sdk_drivers_13454894214809048885.dir\fsl_flexio_i2c_master.o"
#        "C:\Users\34049\Desktop\Intelligence
#        Vision\project\iar\program\nor_sdram_zf_dtcm\Obj\sdk_drivers_13454894214809048885.dir\fsl_flexio_i2s.o"
#        "C:\Users\34049\Desktop\Intelligence
#        Vision\project\iar\program\nor_sdram_zf_dtcm\Obj\sdk_drivers_13454894214809048885.dir\fsl_flexio_i2s_edma.o"
#        "C:\Users\34049\Desktop\Intelligence
#        Vision\project\iar\program\nor_sdram_zf_dtcm\Obj\sdk_drivers_13454894214809048885.dir\fsl_flexio_mculcd.o"
#        "C:\Users\34049\Desktop\Intelligence
#        Vision\project\iar\program\nor_sdram_zf_dtcm\Obj\sdk_drivers_13454894214809048885.dir\fsl_flexio_mculcd_edma.o"
#        "C:\Users\34049\Desktop\Intelligence
#        Vision\project\iar\program\nor_sdram_zf_dtcm\Obj\sdk_drivers_13454894214809048885.dir\fsl_flexio_spi.o"
#        "C:\Users\34049\Desktop\Intelligence
#        Vision\project\iar\program\nor_sdram_zf_dtcm\Obj\sdk_drivers_13454894214809048885.dir\fsl_flexio_spi_edma.o"
#        "C:\Users\34049\Desktop\Intelligence
#        Vision\project\iar\program\nor_sdram_zf_dtcm\Obj\sdk_drivers_13454894214809048885.dir\fsl_flexio_uart.o"
#        "C:\Users\34049\Desktop\Intelligence
#        Vision\project\iar\program\nor_sdram_zf_dtcm\Obj\sdk_drivers_13454894214809048885.dir\fsl_flexio_uart_edma.o"
#        "C:\Users\34049\Desktop\Intelligence
#        Vision\project\iar\program\nor_sdram_zf_dtcm\Obj\sdk_drivers_13454894214809048885.dir\fsl_flexram.o"
#        "C:\Users\34049\Desktop\Intelligence
#        Vision\project\iar\program\nor_sdram_zf_dtcm\Obj\sdk_drivers_13454894214809048885.dir\fsl_flexram_allocate.o"
#        "C:\Users\34049\Desktop\Intelligence
#        Vision\project\iar\program\nor_sdram_zf_dtcm\Obj\sdk_drivers_13454894214809048885.dir\fsl_flexspi.o"
#        "C:\Users\34049\Desktop\Intelligence
#        Vision\project\iar\program\nor_sdram_zf_dtcm\Obj\sdk_drivers_13454894214809048885.dir\fsl_flexspi_edma.o"
#        "C:\Users\34049\Desktop\Intelligence
#        Vision\project\iar\program\nor_sdram_zf_dtcm\Obj\sdk_device_3373403627085545761.dir\fsl_flexspi_nor_boot.o"
#        "C:\Users\34049\Desktop\Intelligence
#        Vision\project\iar\program\nor_sdram_zf_dtcm\Obj\sdk_drivers_13454894214809048885.dir\fsl_gpc.o"
#        "C:\Users\34049\Desktop\Intelligence
#        Vision\project\iar\program\nor_sdram_zf_dtcm\Obj\sdk_drivers_13454894214809048885.dir\fsl_gpio.o"
#        "C:\Users\34049\Desktop\Intelligence
#        Vision\project\iar\program\nor_sdram_zf_dtcm\Obj\sdk_drivers_13454894214809048885.dir\fsl_gpt.o"
#        "C:\Users\34049\Desktop\Intelligence
#        Vision\project\iar\program\nor_sdram_zf_dtcm\Obj\sdk_drivers_13454894214809048885.dir\fsl_kpp.o"
#        "C:\Users\34049\Desktop\Intelligence
#        Vision\project\iar\program\nor_sdram_zf_dtcm\Obj\sdk_drivers_13454894214809048885.dir\fsl_lpi2c.o"
#        "C:\Users\34049\Desktop\Intelligence
#        Vision\project\iar\program\nor_sdram_zf_dtcm\Obj\sdk_drivers_13454894214809048885.dir\fsl_lpi2c_edma.o"
#        "C:\Users\34049\Desktop\Intelligence
#        Vision\project\iar\program\nor_sdram_zf_dtcm\Obj\sdk_drivers_13454894214809048885.dir\fsl_lpspi.o"
#        "C:\Users\34049\Desktop\Intelligence
#        Vision\project\iar\program\nor_sdram_zf_dtcm\Obj\sdk_drivers_13454894214809048885.dir\fsl_lpspi_edma.o"
#        "C:\Users\34049\Desktop\Intelligence
#        Vision\project\iar\program\nor_sdram_zf_dtcm\Obj\sdk_drivers_13454894214809048885.dir\fsl_lpuart.o"
#        "C:\Users\34049\Desktop\Intelligence
#        Vision\project\iar\program\nor_sdram_zf_dtcm\Obj\sdk_drivers_13454894214809048885.dir\fsl_lpuart_edma.o"
#        "C:\Users\34049\Desktop\Intelligence
#        Vision\project\iar\program\nor_sdram_zf_dtcm\Obj\sdk_drivers_13454894214809048885.dir\fsl_ocotp.o"
#        "C:\Users\34049\Desktop\Intelligence
#        Vision\project\iar\program\nor_sdram_zf_dtcm\Obj\sdk_device_3373403627085545761.dir\fsl_os_abstraction_bm.o"
#        "C:\Users\34049\Desktop\Intelligence
#        Vision\project\iar\program\nor_sdram_zf_dtcm\Obj\sdk_drivers_13454894214809048885.dir\fsl_pit.o"
#        "C:\Users\34049\Desktop\Intelligence
#        Vision\project\iar\program\nor_sdram_zf_dtcm\Obj\sdk_drivers_13454894214809048885.dir\fsl_pmu.o"
#        "C:\Users\34049\Desktop\Intelligence
#        Vision\project\iar\program\nor_sdram_zf_dtcm\Obj\sdk_drivers_13454894214809048885.dir\fsl_pwm.o"
#        "C:\Users\34049\Desktop\Intelligence
#        Vision\project\iar\program\nor_sdram_zf_dtcm\Obj\sdk_drivers_13454894214809048885.dir\fsl_pxp.o"
#        "C:\Users\34049\Desktop\Intelligence
#        Vision\project\iar\program\nor_sdram_zf_dtcm\Obj\sdk_drivers_13454894214809048885.dir\fsl_qtmr.o"
#        "C:\Users\34049\Desktop\Intelligence
#        Vision\project\iar\program\nor_sdram_zf_dtcm\Obj\sdk_drivers_13454894214809048885.dir\fsl_romapi.o"
#        "C:\Users\34049\Desktop\Intelligence
#        Vision\project\iar\program\nor_sdram_zf_dtcm\Obj\sdk_drivers_13454894214809048885.dir\fsl_rtwdog.o"
#        "C:\Users\34049\Desktop\Intelligence
#        Vision\project\iar\program\nor_sdram_zf_dtcm\Obj\sdk_drivers_13454894214809048885.dir\fsl_sai.o"
#        "C:\Users\34049\Desktop\Intelligence
#        Vision\project\iar\program\nor_sdram_zf_dtcm\Obj\sdk_drivers_13454894214809048885.dir\fsl_sai_edma.o"
#        "C:\Users\34049\Desktop\Intelligence
#        Vision\project\iar\program\nor_sdram_zf_dtcm\Obj\components_sdmmc_11335736203712880765.dir\fsl_sd.o"
#        "C:\Users\34049\Desktop\Intelligence
#        Vision\project\iar\program\nor_sdram_zf_dtcm\Obj\components_fatfs_6246014242642884545.dir\fsl_sd_disk.o"
#        "C:\Users\34049\Desktop\Intelligence
#        Vision\project\iar\program\nor_sdram_zf_dtcm\Obj\components_sdmmc_11335736203712880765.dir\fsl_sdmmc_common.o"
#        "C:\Users\34049\Desktop\Intelligence
#        Vision\project\iar\program\nor_sdram_zf_dtcm\Obj\components_sdmmc_11335736203712880765.dir\fsl_sdmmc_host.o"
#        "C:\Users\34049\Desktop\Intelligence
#        Vision\project\iar\program\nor_sdram_zf_dtcm\Obj\components_sdmmc_11335736203712880765.dir\fsl_sdmmc_osa.o"
#        "C:\Users\34049\Desktop\Intelligence
#        Vision\project\iar\program\nor_sdram_zf_dtcm\Obj\sdk_drivers_13454894214809048885.dir\fsl_semc.o"
#        "C:\Users\34049\Desktop\Intelligence
#        Vision\project\iar\program\nor_sdram_zf_dtcm\Obj\sdk_drivers_13454894214809048885.dir\fsl_snvs_hp.o"
#        "C:\Users\34049\Desktop\Intelligence
#        Vision\project\iar\program\nor_sdram_zf_dtcm\Obj\sdk_drivers_13454894214809048885.dir\fsl_snvs_lp.o"
#        "C:\Users\34049\Desktop\Intelligence
#        Vision\project\iar\program\nor_sdram_zf_dtcm\Obj\sdk_drivers_13454894214809048885.dir\fsl_spdif.o"
#        "C:\Users\34049\Desktop\Intelligence
#        Vision\project\iar\program\nor_sdram_zf_dtcm\Obj\sdk_drivers_13454894214809048885.dir\fsl_spdif_edma.o"
#        "C:\Users\34049\Desktop\Intelligence
#        Vision\project\iar\program\nor_sdram_zf_dtcm\Obj\sdk_drivers_13454894214809048885.dir\fsl_src.o"
#        "C:\Users\34049\Desktop\Intelligence
#        Vision\project\iar\program\nor_sdram_zf_dtcm\Obj\sdk_drivers_13454894214809048885.dir\fsl_tempmon.o"
#        "C:\Users\34049\Desktop\Intelligence
#        Vision\project\iar\program\nor_sdram_zf_dtcm\Obj\sdk_drivers_13454894214809048885.dir\fsl_trng.o"
#        "C:\Users\34049\Desktop\Intelligence
#        Vision\project\iar\program\nor_sdram_zf_dtcm\Obj\sdk_drivers_13454894214809048885.dir\fsl_tsc.o"
#        "C:\Users\34049\Desktop\Intelligence
#        Vision\project\iar\program\nor_sdram_zf_dtcm\Obj\sdk_drivers_13454894214809048885.dir\fsl_usdhc.o"
#        "C:\Users\34049\Desktop\Intelligence
#        Vision\project\iar\program\nor_sdram_zf_dtcm\Obj\sdk_drivers_13454894214809048885.dir\fsl_wdog.o"
#        "C:\Users\34049\Desktop\Intelligence
#        Vision\project\iar\program\nor_sdram_zf_dtcm\Obj\sdk_drivers_13454894214809048885.dir\fsl_xbara.o"
#        "C:\Users\34049\Desktop\Intelligence
#        Vision\project\iar\program\nor_sdram_zf_dtcm\Obj\sdk_drivers_13454894214809048885.dir\fsl_xbarb.o"
#        "C:\Users\34049\Desktop\Intelligence
#        Vision\project\iar\program\nor_sdram_zf_dtcm\Obj\code_17896468042025673432.dir\Image_process.o"
#        "C:\Users\34049\Desktop\Intelligence
#        Vision\project\iar\program\nor_sdram_zf_dtcm\Obj\code_17896468042025673432.dir\IPM.o"
#        "C:\Users\34049\Desktop\Intelligence
#        Vision\project\iar\program\nor_sdram_zf_dtcm\Obj\user_c_11930989646151335152.dir\isr.o"
#        "C:\Users\34049\Desktop\Intelligence
#        Vision\project\iar\program\nor_sdram_zf_dtcm\Obj\user_c_11930989646151335152.dir\main.o"
#        "C:\Users\34049\Desktop\Intelligence
#        Vision\project\iar\program\nor_sdram_zf_dtcm\Obj\code_17896468042025673432.dir\motor.o"
#        "C:\Users\34049\Desktop\Intelligence
#        Vision\project\iar\program\nor_sdram_zf_dtcm\Obj\code_17896468042025673432.dir\pid.o"
#        "C:\Users\34049\Desktop\Intelligence
#        Vision\project\iar\program\nor_sdram_zf_dtcm\Obj\code_17896468042025673432.dir\ppersuit.o"
#        "C:\Users\34049\Desktop\Intelligence
#        Vision\project\iar\program\nor_sdram_zf_dtcm\Obj\components_sdmmc_11335736203712880765.dir\sdmmc_config.o"
#        "C:\Users\34049\Desktop\Intelligence
#        Vision\project\iar\program\nor_sdram_zf_dtcm\Obj\zf_components_14936052685886095442.dir\seekfree_assistant.o"
#        "C:\Users\34049\Desktop\Intelligence
#        Vision\project\iar\program\nor_sdram_zf_dtcm\Obj\zf_components_14936052685886095442.dir\seekfree_assistant_interface.o"
#        "C:\Users\34049\Desktop\Intelligence
#        Vision\project\iar\program\nor_sdram_zf_dtcm\Obj\sdk_device_3373403627085545761.dir\startup_MIMXRT1064.o"
#        "C:\Users\34049\Desktop\Intelligence
#        Vision\project\iar\program\nor_sdram_zf_dtcm\Obj\sdk_device_3373403627085545761.dir\system_MIMXRT1064.o"
#        "C:\Users\34049\Desktop\Intelligence
#        Vision\project\iar\program\nor_sdram_zf_dtcm\Obj\components_usb_17375887477349322284.dir\usb_device_cdc_acm.o"
#        "C:\Users\34049\Desktop\Intelligence
#        Vision\project\iar\program\nor_sdram_zf_dtcm\Obj\components_usb_17375887477349322284.dir\usb_device_ch9.o"
#        "C:\Users\34049\Desktop\Intelligence
#        Vision\project\iar\program\nor_sdram_zf_dtcm\Obj\components_usb_17375887477349322284.dir\usb_device_class.o"
#        "C:\Users\34049\Desktop\Intelligence
#        Vision\project\iar\program\nor_sdram_zf_dtcm\Obj\components_usb_17375887477349322284.dir\usb_device_dci.o"
#        "C:\Users\34049\Desktop\Intelligence
#        Vision\project\iar\program\nor_sdram_zf_dtcm\Obj\components_usb_17375887477349322284.dir\usb_device_descriptor.o"
#        "C:\Users\34049\Desktop\Intelligence
#        Vision\project\iar\program\nor_sdram_zf_dtcm\Obj\components_usb_17375887477349322284.dir\usb_device_ehci.o"
#        "C:\Users\34049\Desktop\Intelligence
#        Vision\project\iar\program\nor_sdram_zf_dtcm\Obj\components_usb_17375887477349322284.dir\usb_phy.o"
#        "C:\Users\34049\Desktop\Intelligence
#        Vision\project\iar\program\nor_sdram_zf_dtcm\Obj\code_17896468042025673432.dir\vofa.o"
#        "C:\Users\34049\Desktop\Intelligence
#        Vision\project\iar\program\nor_sdram_zf_dtcm\Obj\code_17896468042025673432.dir\wifi.o"
#        "C:\Users\34049\Desktop\Intelligence
#        Vision\project\iar\program\nor_sdram_zf_dtcm\Obj\zf_common_1201165462030747823.dir\zf_common_clock.o"
#        "C:\Users\34049\Desktop\Intelligence
#        Vision\project\iar\program\nor_sdram_zf_dtcm\Obj\zf_common_1201165462030747823.dir\zf_common_debug.o"
#        "C:\Users\34049\Desktop\Intelligence
#        Vision\project\iar\program\nor_sdram_zf_dtcm\Obj\zf_common_1201165462030747823.dir\zf_common_fifo.o"
#        "C:\Users\34049\Desktop\Intelligence
#        Vision\project\iar\program\nor_sdram_zf_dtcm\Obj\zf_common_1201165462030747823.dir\zf_common_font.o"
#        "C:\Users\34049\Desktop\Intelligence
#        Vision\project\iar\program\nor_sdram_zf_dtcm\Obj\zf_common_1201165462030747823.dir\zf_common_function.o"
#        "C:\Users\34049\Desktop\Intelligence
#        Vision\project\iar\program\nor_sdram_zf_dtcm\Obj\zf_common_1201165462030747823.dir\zf_common_interrupt.o"
#        "C:\Users\34049\Desktop\Intelligence
#        Vision\project\iar\program\nor_sdram_zf_dtcm\Obj\zf_common_1201165462030747823.dir\zf_common_vector.o"
#        "C:\Users\34049\Desktop\Intelligence
#        Vision\project\iar\program\nor_sdram_zf_dtcm\Obj\zf_device_6570275422786408770.dir\zf_device_absolute_encoder.o"
#        "C:\Users\34049\Desktop\Intelligence
#        Vision\project\iar\program\nor_sdram_zf_dtcm\Obj\zf_device_6570275422786408770.dir\zf_device_ble6a20.o"
#        "C:\Users\34049\Desktop\Intelligence
#        Vision\project\iar\program\nor_sdram_zf_dtcm\Obj\zf_device_6570275422786408770.dir\zf_device_bluetooth_ch9141.o"
#        "C:\Users\34049\Desktop\Intelligence
#        Vision\project\iar\program\nor_sdram_zf_dtcm\Obj\zf_device_6570275422786408770.dir\zf_device_camera.o"
#        "C:\Users\34049\Desktop\Intelligence
#        Vision\project\iar\program\nor_sdram_zf_dtcm\Obj\zf_device_6570275422786408770.dir\zf_device_dl1a.o"
#        "C:\Users\34049\Desktop\Intelligence
#        Vision\project\iar\program\nor_sdram_zf_dtcm\Obj\zf_device_6570275422786408770.dir\zf_device_dl1b.o"
#        "C:\Users\34049\Desktop\Intelligence
#        Vision\project\iar\program\nor_sdram_zf_dtcm\Obj\zf_device_6570275422786408770.dir\zf_device_gnss.o"
#        "C:\Users\34049\Desktop\Intelligence
#        Vision\project\iar\program\nor_sdram_zf_dtcm\Obj\zf_device_6570275422786408770.dir\zf_device_icm20602.o"
#        "C:\Users\34049\Desktop\Intelligence
#        Vision\project\iar\program\nor_sdram_zf_dtcm\Obj\zf_device_6570275422786408770.dir\zf_device_imu660ra.o"
#        "C:\Users\34049\Desktop\Intelligence
#        Vision\project\iar\program\nor_sdram_zf_dtcm\Obj\zf_device_6570275422786408770.dir\zf_device_imu963ra.o"
#        "C:\Users\34049\Desktop\Intelligence
#        Vision\project\iar\program\nor_sdram_zf_dtcm\Obj\zf_device_6570275422786408770.dir\zf_device_ips114.o"
#        "C:\Users\34049\Desktop\Intelligence
#        Vision\project\iar\program\nor_sdram_zf_dtcm\Obj\zf_device_6570275422786408770.dir\zf_device_ips200.o"
#        "C:\Users\34049\Desktop\Intelligence
#        Vision\project\iar\program\nor_sdram_zf_dtcm\Obj\zf_device_6570275422786408770.dir\zf_device_key.o"
#        "C:\Users\34049\Desktop\Intelligence
#        Vision\project\iar\program\nor_sdram_zf_dtcm\Obj\zf_device_6570275422786408770.dir\zf_device_mpu6050.o"
#        "C:\Users\34049\Desktop\Intelligence
#        Vision\project\iar\program\nor_sdram_zf_dtcm\Obj\zf_device_6570275422786408770.dir\zf_device_mt9v03x.o"
#        "C:\Users\34049\Desktop\Intelligence
#        Vision\project\iar\program\nor_sdram_zf_dtcm\Obj\zf_device_6570275422786408770.dir\zf_device_mt9v03x_flexio.o"
#        "C:\Users\34049\Desktop\Intelligence
#        Vision\project\iar\program\nor_sdram_zf_dtcm\Obj\zf_device_6570275422786408770.dir\zf_device_oled.o"
#        "C:\Users\34049\Desktop\Intelligence
#        Vision\project\iar\program\nor_sdram_zf_dtcm\Obj\zf_device_6570275422786408770.dir\zf_device_ov7725.o"
#        "C:\Users\34049\Desktop\Intelligence
#        Vision\project\iar\program\nor_sdram_zf_dtcm\Obj\zf_device_6570275422786408770.dir\zf_device_scc8660.o"
#        "C:\Users\34049\Desktop\Intelligence
#        Vision\project\iar\program\nor_sdram_zf_dtcm\Obj\zf_device_6570275422786408770.dir\zf_device_scc8660_flexio.o"
#        "C:\Users\34049\Desktop\Intelligence
#        Vision\project\iar\program\nor_sdram_zf_dtcm\Obj\zf_device_6570275422786408770.dir\zf_device_tft180.o"
#        "C:\Users\34049\Desktop\Intelligence
#        Vision\project\iar\program\nor_sdram_zf_dtcm\Obj\zf_device_6570275422786408770.dir\zf_device_tsl1401.o"
#        "C:\Users\34049\Desktop\Intelligence
#        Vision\project\iar\program\nor_sdram_zf_dtcm\Obj\zf_device_6570275422786408770.dir\zf_device_type.o"
#        "C:\Users\34049\Desktop\Intelligence
#        Vision\project\iar\program\nor_sdram_zf_dtcm\Obj\zf_device_6570275422786408770.dir\zf_device_virtual_oscilloscope.o"
#        "C:\Users\34049\Desktop\Intelligence
#        Vision\project\iar\program\nor_sdram_zf_dtcm\Obj\zf_device_6570275422786408770.dir\zf_device_wifi_spi.o"
#        "C:\Users\34049\Desktop\Intelligence
#        Vision\project\iar\program\nor_sdram_zf_dtcm\Obj\zf_device_6570275422786408770.dir\zf_device_wifi_uart.o"
#        "C:\Users\34049\Desktop\Intelligence
#        Vision\project\iar\program\nor_sdram_zf_dtcm\Obj\zf_device_6570275422786408770.dir\zf_device_wireless_uart.o"
#        "C:\Users\34049\Desktop\Intelligence
#        Vision\project\iar\program\nor_sdram_zf_dtcm\Obj\zf_driver_11922370083829174090.dir\zf_driver_adc.o"
#        "C:\Users\34049\Desktop\Intelligence
#        Vision\project\iar\program\nor_sdram_zf_dtcm\Obj\zf_driver_11922370083829174090.dir\zf_driver_csi.o"
#        "C:\Users\34049\Desktop\Intelligence
#        Vision\project\iar\program\nor_sdram_zf_dtcm\Obj\zf_driver_11922370083829174090.dir\zf_driver_delay.o"
#        "C:\Users\34049\Desktop\Intelligence
#        Vision\project\iar\program\nor_sdram_zf_dtcm\Obj\zf_driver_11922370083829174090.dir\zf_driver_encoder.o"
#        "C:\Users\34049\Desktop\Intelligence
#        Vision\project\iar\program\nor_sdram_zf_dtcm\Obj\zf_driver_11922370083829174090.dir\zf_driver_exti.o"
#        "C:\Users\34049\Desktop\Intelligence
#        Vision\project\iar\program\nor_sdram_zf_dtcm\Obj\zf_driver_11922370083829174090.dir\zf_driver_flash.o"
#        "C:\Users\34049\Desktop\Intelligence
#        Vision\project\iar\program\nor_sdram_zf_dtcm\Obj\zf_driver_11922370083829174090.dir\zf_driver_flexio_csi.o"
#        "C:\Users\34049\Desktop\Intelligence
#        Vision\project\iar\program\nor_sdram_zf_dtcm\Obj\zf_driver_11922370083829174090.dir\zf_driver_gpio.o"
#        "C:\Users\34049\Desktop\Intelligence
#        Vision\project\iar\program\nor_sdram_zf_dtcm\Obj\zf_driver_11922370083829174090.dir\zf_driver_iic.o"
#        "C:\Users\34049\Desktop\Intelligence
#        Vision\project\iar\program\nor_sdram_zf_dtcm\Obj\zf_driver_11922370083829174090.dir\zf_driver_pit.o"
#        "C:\Users\34049\Desktop\Intelligence
#        Vision\project\iar\program\nor_sdram_zf_dtcm\Obj\zf_driver_11922370083829174090.dir\zf_driver_pwm.o"
#        "C:\Users\34049\Desktop\Intelligence
#        Vision\project\iar\program\nor_sdram_zf_dtcm\Obj\zf_driver_11922370083829174090.dir\zf_driver_romapi.o"
#        "C:\Users\34049\Desktop\Intelligence
#        Vision\project\iar\program\nor_sdram_zf_dtcm\Obj\zf_driver_11922370083829174090.dir\zf_driver_sdio.o"
#        "C:\Users\34049\Desktop\Intelligence
#        Vision\project\iar\program\nor_sdram_zf_dtcm\Obj\zf_driver_11922370083829174090.dir\zf_driver_soft_iic.o"
#        "C:\Users\34049\Desktop\Intelligence
#        Vision\project\iar\program\nor_sdram_zf_dtcm\Obj\zf_driver_11922370083829174090.dir\zf_driver_soft_spi.o"
#        "C:\Users\34049\Desktop\Intelligence
#        Vision\project\iar\program\nor_sdram_zf_dtcm\Obj\zf_driver_11922370083829174090.dir\zf_driver_spi.o"
#        "C:\Users\34049\Desktop\Intelligence
#        Vision\project\iar\program\nor_sdram_zf_dtcm\Obj\zf_driver_11922370083829174090.dir\zf_driver_timer.o"
#        "C:\Users\34049\Desktop\Intelligence
#        Vision\project\iar\program\nor_sdram_zf_dtcm\Obj\zf_driver_11922370083829174090.dir\zf_driver_uart.o"
#        "C:\Users\34049\Desktop\Intelligence
#        Vision\project\iar\program\nor_sdram_zf_dtcm\Obj\zf_driver_11922370083829174090.dir\zf_driver_usb_cdc.o"
#        --no_out_extension -o "C:\Users\34049\Desktop\Intelligence
#        Vision\project\iar\program\nor_sdram_zf_dtcm\Exe\RT106X.out" --map
#        "C:\Users\34049\Desktop\Intelligence
#        Vision\project\iar\program\nor_sdram_zf_dtcm\List\RT106X.map" --config
#        "C:\Users\34049\Desktop\Intelligence
#        Vision\project\iar\program\..\..\IAR\icf\MIMXRT1064xxxxx_flexspi_nor.icf"
#        --semihosting "C:\Users\34049\Desktop\Intelligence
#        Vision\project\iar\program\..\..\..\libraries\zf_device\zf_device_config.a"
#        --entry __iar_program_start --vfe --text_out locale --cpu=Cortex-M7
#        --fpu=VFPv5_d16) --dependencies=n "C:\Users\34049\Desktop\Intelligence
#        Vision\project\iar\program\nor_sdram_zf_dtcm\Exe\RT106X.out.iar_deps"
#
###############################################################################

*******************************************************************************
*** RUNTIME MODEL ATTRIBUTES
***

CppFlavor       = *
__CPP_Runtime   = 1
__Heap_Handler  = Basic
__SystemLibrary = DLib
__dlib_version  = 6


*******************************************************************************
*** HEAP SELECTION
***

The basic heap was selected because --advanced_heap
was not specified and the application did not appear to
be primarily optimized for speed.


*******************************************************************************
*** PLACEMENT SUMMARY
***

"A0":  place at address 0x7000'2000 { ro section .intvec };
"A2":  place at address 0x7000'0000 { section .boot_hdr.conf };
"A3":  place at address 0x7000'1000 { section .boot_hdr.ivt };
"A4":  place at address 0x7000'1020 { ro section .boot_hdr.boot_data };
"A5":  place at address 0x7000'1030 { ro section .boot_hdr.dcd_data };
"P1":  place in [from 0x7000'2000 to 0x7000'23ff] |
                [from 0x7000'2400 to 0x703f'ffff] { ro };
define block RW { first rw, section m_usb_dma_init_data };
"P2":  place in [from 0x8000'0000 to 0x8000'03ff] |
                [from 0x8000'0400 to 0x81df'ffff] { block RW };
define block SDRAM_VAR
   with alignment = 8 { section SDRAM_CACHE, section SDRAM_CACHE.init };
"P11": place in [from 0x8000'0000 to 0x8000'03ff] |
                [from 0x8000'0400 to 0x81df'ffff] { block SDRAM_VAR };
define block ZI
   with alignment = 32 { first zi, section m_usb_dma_noninit_data };
"P3":  place in [from 0x2000'0000 to 0x2006'efff] { block ZI };
"P4":  place in [from 0x2000'0000 to 0x2006'efff] { section .data };
"P5":  place in [from 0x2000'0000 to 0x2006'efff] { section .textrw };
define block DTCM_VAR
   with alignment = 8 { section NonCacheable, section NonCacheable.init };
"P9":  place in [from 0x2000'0000 to 0x2006'efff] { block DTCM_VAR };
define block HEAP with size = 1K, alignment = 8 { };
"P6":  place in [from 0x2000'0000 to 0x2006'efff] { last block HEAP };
define block CSTACK with size = 4K, alignment = 8 { };
"P7":  place in [from 0x2006'f000 to 0x2006'ffff] { block CSTACK };
define block ITCM_VAR
   with alignment = 8 {
      section ITCM_NonCacheable, section ITCM_NonCacheable.init };
"P8":  place in [from 0x4 to 0xffff] { block ITCM_VAR };
initialize by copy { rw, section .textrw };
initialize by copy { section NonCacheable.init };
initialize by copy { section ITCM_NonCacheable.init };
initialize by copy { ro }
   except {
      ro section .intvec, ro object system_MIMXRT1064.o,
      ro object startup_MIMXRT1064.o, section .boot_hdr.conf,
      section .boot_hdr.ivt, section .boot_hdr.boot_data,
      section .boot_hdr.dcd_data };
keep {
   section .boot_hdr.conf, section .boot_hdr.ivt, section .boot_hdr.boot_data,
   section .boot_hdr.dcd_data };

No sections matched the following patterns:

  section .intvec_RAM              in "A1"
  section .textrw                  in "P3-P5|P9"
  section ITCM_NonCacheable        in block ITCM_VAR
  section OCRAM_CACHE              in block OCRAM_VAR
  section OCRAM_CACHE.init         in block OCRAM_VAR
  section SDRAM_CACHE              in block SDRAM_VAR
  section SDRAM_CACHE.init         in block SDRAM_VAR
  section SDRAM_NonCacheable       in block SDRAM_NCACHE_VAR
  section SDRAM_NonCacheable.init  in block SDRAM_NCACHE_VAR
  section m_usb_dma_init_data      in block RW
  section m_usb_dma_noninit_data   in block ZI


  Section                 Kind         Address  Aligment      Size  Object
  -------                 ----         -------  --------      ----  ------
"P8":                                                        0xbc0
  ITCM_VAR                                 0x8         8     0xbc0  <Block>
    ITCM_VAR-1                             0x8               0xbc0  <Init block>
      Veneer              inited           0x8         4       0x8  - Linker created -
      ITCM_NonCacheable.init
                          inited          0x10         4     0x178  filter.o [1]
      Veneer              inited         0x188         4       0x8  - Linker created -
      Veneer              inited         0x190         4       0x8  - Linker created -
      Veneer              inited         0x198         4       0x8  - Linker created -
      Veneer              inited         0x1a0         4       0x8  - Linker created -
      Veneer              inited         0x1a8         4       0x8  - Linker created -
      Veneer              inited         0x1b0         4       0x8  - Linker created -
      ITCM_NonCacheable.init
                          inited         0x1b8         4     0xa10  Image_process.o [1]
                                       - 0xbc8               0xbc0

"P3-P5|P9", part 1 of 3:                                    0xd020
  DTCM_VAR                         0x2000'0000         8    0xd020  <Block>
    DTCM_VAR-1                     0x2000'0000                0x60  <Init block>
      NonCacheable.init   inited   0x2000'0000         8      0x20  Image_process.o [1]
      NonCacheable.init   inited   0x2000'0020         8      0x20  Image_process.o [1]
      NonCacheable.init   inited   0x2000'0040         8      0x20  Image_process.o [1]
    NonCacheable          zero     0x2000'0080        64    0x5820  zf_device_mt9v03x.o [10]
    NonCacheable          zero     0x2000'58c0        64    0x5820  zf_device_mt9v03x.o [10]
    NonCacheable          zero     0x2000'b0e0         8     0x320  main.o [7]
    NonCacheable          zero     0x2000'b400         8     0x320  main.o [7]
    NonCacheable          zero     0x2000'b720         8     0x320  main.o [7]
    NonCacheable          zero     0x2000'ba40         8     0x320  main.o [7]
    NonCacheable          zero     0x2000'bd60         8     0x320  main.o [7]
    NonCacheable          zero     0x2000'c080         8     0x320  main.o [7]
    NonCacheable          zero     0x2000'c3a0         8     0x190  main.o [7]
    NonCacheable          zero     0x2000'c530         8     0x190  main.o [7]
    NonCacheable          zero     0x2000'c6c0         8     0x190  main.o [7]
    NonCacheable          zero     0x2000'c850         8     0x190  main.o [7]
    NonCacheable          zero     0x2000'c9e0         8     0x320  main.o [7]
    NonCacheable          zero     0x2000'cd00         8     0x320  main.o [7]
                                 - 0x2000'd020              0xd020

"P3-P5|P9", part 2 of 3:                                  0x1'140c
  ZI                               0x2000'd020        32  0x1'140c  <Block>
    .bss                  zero     0x2000'd020         4       0x4  fsl_clock.o [6]
    .bss                  zero     0x2000'd024         4       0x4  fsl_clock.o [6]
    .bss                  zero     0x2000'd028         4       0x4  fsl_csi.o [6]
    .bss                  zero     0x2000'd02c         4       0x4  fsl_csi.o [6]
    .bss                  zero     0x2000'd030         4      0x14  fsl_debug_console.o [5]
    .bss                  zero     0x2000'd044         4      0x80  fsl_edma.o [6]
    .bss                  zero     0x2000'd0c4         4       0x8  fsl_enet.o [6]
    .bss                  zero     0x2000'd0cc         4       0x8  fsl_enet.o [6]
    .bss                  zero     0x2000'd0d4         4       0x8  fsl_enet.o [6]
    .bss                  zero     0x2000'd0dc         4       0x8  fsl_enet.o [6]
    .bss                  zero     0x2000'd0e4         4       0x8  fsl_enet.o [6]
    .bss                  zero     0x2000'd0ec         4       0x8  fsl_enet.o [6]
    .bss                  zero     0x2000'd0f4         4      0x10  fsl_flexcan.o [6]
    .bss                  zero     0x2000'd104         4       0x4  fsl_flexcan.o [6]
    .bss                  zero     0x2000'd108         4       0x8  fsl_flexio.o [6]
    .bss                  zero     0x2000'd110         4       0x8  fsl_flexio.o [6]
    .bss                  zero     0x2000'd118         4       0x8  fsl_flexio.o [6]
    .bss                  zero     0x2000'd120         4       0x4  fsl_lpi2c.o [6]
    .bss                  zero     0x2000'd124         4      0x14  fsl_lpi2c.o [6]
    .bss                  zero     0x2000'd138         4       0x4  fsl_lpi2c.o [6]
    .bss                  zero     0x2000'd13c         4      0x14  fsl_lpi2c.o [6]
    .bss                  zero     0x2000'd150         4      0x14  fsl_lpspi.o [6]
    .bss                  zero     0x2000'd164         4       0x4  fsl_lpspi.o [6]
    .bss                  zero     0x2000'd168         4       0x4  fsl_lpspi.o [6]
    .bss                  zero     0x2000'd16c         4       0x8  fsl_lpspi.o [6]
    .bss                  zero     0x2000'd174         4      0x24  fsl_lpuart.o [6]
    .bss                  zero     0x2000'd198         4       0x4  fsl_lpuart.o [6]
    .bss                  zero     0x2000'd19c         4      0x20  fsl_sai.o [6]
    .bss                  zero     0x2000'd1bc         4       0x4  fsl_sai.o [6]
    .bss                  zero     0x2000'd1c0         4       0x4  fsl_sai.o [6]
    .bss                  zero     0x2000'd1c4         4       0x8  fsl_spdif.o [6]
    .bss                  zero     0x2000'd1cc         4       0x4  fsl_spdif.o [6]
    .bss                  zero     0x2000'd1d0         4       0x4  fsl_spdif.o [6]
    .bss                  zero     0x2000'd1d4         4       0xc  fsl_usdhc.o [6]
    .bss                  zero     0x2000'd1e0         4       0x4  fsl_usdhc.o [6]
    .bss                  zero     0x2000'd1e4         4    0xb220  IPM.o [1]
    .bss                  zero     0x2001'8404         4    0x2c88  main.o [7]
    .bss                  zero     0x2001'b08c         4    0x2c88  main.o [7]
    .bss                  zero     0x2001'dd14         4       0x4  main.o [7]
    .bss                  zero     0x2001'dd18         4       0x4  main.o [7]
    .bss                  zero     0x2001'dd1c         4       0x4  main.o [7]
    .bss                  zero     0x2001'dd20         4       0x4  main.o [7]
    .bss                  zero     0x2001'dd24         4       0x4  main.o [7]
    .bss                  zero     0x2001'dd28         4       0x4  main.o [7]
    .bss                  zero     0x2001'dd2c         4       0x4  main.o [7]
    .bss                  zero     0x2001'dd30         4       0x4  main.o [7]
    .bss                  zero     0x2001'dd34         4       0x4  main.o [7]
    .bss                  zero     0x2001'dd38         4       0x4  main.o [7]
    .bss                  zero     0x2001'dd3c         4       0x4  main.o [7]
    .bss                  zero     0x2001'dd40         4       0x4  main.o [7]
    .bss                  zero     0x2001'dd44         4       0x4  main.o [7]
    .bss                  zero     0x2001'dd48         4       0x4  main.o [7]
    .bss                  zero     0x2001'dd4c         4     0x320  main.o [7]
    .bss                  zero     0x2001'e06c         4       0x4  main.o [7]
    .bss                  zero     0x2001'e070         4       0x4  main.o [7]
    .bss                  zero     0x2001'e074         4       0x4  main.o [7]
    .bss                  zero     0x2001'e078         4       0x4  main.o [7]
    .bss                  zero     0x2001'e07c         4       0x4  main.o [7]
    .bss                  zero     0x2001'e080         4       0x4  main.o [7]
    .bss                  zero     0x2001'e084         4       0x4  main.o [7]
    .bss                  zero     0x2001'e088         4       0x4  main.o [7]
    .bss                  zero     0x2001'e08c         4       0x4  main.o [7]
    .bss                  zero     0x2001'e090         4      0x14  vofa.o [1]
    .bss                  zero     0x2001'e0a4         4      0x40  zf_common_debug.o [8]
    .bss                  zero     0x2001'e0e4         4      0x18  zf_common_debug.o [8]
    .bss                  zero     0x2001'e0fc         4      0x14  zf_common_debug.o [8]
    .bss                  zero     0x2001'e110         4       0x4  zf_common_interrupt.o [8]
    .bss                  zero     0x2001'e114         4      0x18  zf_device_camera.o [10]
    .bss                  zero     0x2001'e12c         4       0x8  zf_device_camera.o [10]
    .bss                  zero     0x2001'e134         4      0x18  zf_device_gnss.o [10]
    .bss                  zero     0x2001'e14c         4      0x80  zf_device_gnss.o [10]
    .bss                  zero     0x2001'e1cc         4      0x80  zf_device_gnss.o [10]
    .bss                  zero     0x2001'e24c         4      0x80  zf_device_gnss.o [10]
    .bss                  zero     0x2001'e2cc         4       0x4  zf_device_mt9v03x.o [10]
    .bss                  zero     0x2001'e2d0         4      0x18  zf_device_wireless_uart.o [10]
    .bss                  zero     0x2001'e2e8         4      0x40  zf_device_wireless_uart.o [10]
    .bss                  zero     0x2001'e328         4      0x38  zf_driver_csi.o [11]
    .bss                  zero     0x2001'e360         4       0xc  zf_driver_spi.o [11]
    .bss                  zero     0x2001'e36c         4      0x10  zf_driver_usb_cdc.o [11]
    .bss                  zero     0x2001'e37c         4      0x14  zf_device_config.o [16]
    .bss                  zero     0x2001'e390         4      0x10  zf_device_config.o [16]
    .bss                  zero     0x2001'e3a0         4       0x4  zf_device_config.o [16]
    .bss                  zero     0x2001'e3a4         4       0x4  zf_device_config.o [16]
    .bss                  zero     0x2001'e3a8         4       0x8  heap0.o [12]
    .bss                  zero     0x2001'e3b0         4       0x4  xgetmemchunk.o [12]
    .bss                  zero     0x2001'e3b4         4      0x50  xfiles.o [12]
    .bss                  zero     0x2001'e404         4       0x4  xfail_s.o [12]
    .bss                  zero     0x2001'e408         2       0x2  encoder.o [1]
    .bss                  zero     0x2001'e40a         2       0x2  encoder.o [1]
    .bss                  zero     0x2001'e40c         2       0x2  encoder.o [1]
    .bss                  zero     0x2001'e40e         2       0x2  encoder.o [1]
    .bss                  zero     0x2001'e410         2       0x2  zf_device_imu963ra.o [10]
    .bss                  zero     0x2001'e412         2       0x2  zf_device_imu963ra.o [10]
    .bss                  zero     0x2001'e414         2       0x2  zf_device_imu963ra.o [10]
    .bss                  zero     0x2001'e416         2       0x2  zf_device_mt9v03x.o [10]
    .bss                  zero     0x2001'e418                 0x1  IPM.o [1]
    .bss                  zero     0x2001'e419                 0x1  main.o [7]
    .bss                  zero     0x2001'e41a                 0x1  main.o [7]
    .bss                  zero     0x2001'e41b                 0x1  main.o [7]
    .bss                  zero     0x2001'e41c                 0x1  main.o [7]
    .bss                  zero     0x2001'e41d                 0x1  zf_common_debug.o [8]
    .bss                  zero     0x2001'e41e                 0x1  zf_common_debug.o [8]
    .bss                  zero     0x2001'e41f                 0x1  zf_common_debug.o [8]
    .bss                  zero     0x2001'e420                 0x1  zf_device_gnss.o [10]
    .bss                  zero     0x2001'e421                 0x1  zf_device_gnss.o [10]
    .bss                  zero     0x2001'e422                 0x1  zf_device_gnss.o [10]
    .bss                  zero     0x2001'e423                 0x1  zf_device_gnss.o [10]
    .bss                  zero     0x2001'e424                 0x1  zf_device_gnss.o [10]
    .bss                  zero     0x2001'e425                 0x1  zf_device_ips200.o [10]
    .bss                  zero     0x2001'e426                 0x1  zf_device_ips200.o [10]
    .bss                  zero     0x2001'e427                 0x1  zf_device_mt9v03x.o [10]
    .bss                  zero     0x2001'e428                 0x1  zf_device_type.o [10]
    .bss                  zero     0x2001'e429                 0x1  zf_device_type.o [10]
    .bss                  zero     0x2001'e42a                 0x1  zf_device_wireless_uart.o [10]
    .bss                  zero     0x2001'e42b                 0x1  zf_driver_pit.o [11]
                                 - 0x2001'e42c            0x1'140c

"P3-P5|P9", part 3 of 3:                                     0x31a
  P3-P5|P9 s0                      0x2001'e42c               0x31a  <Init block>
    .data                 inited   0x2001'e42c         4      0x48  xfiles.o [12]
    .data                 inited   0x2001'e474         4      0x38  xlocale_c.o [12]
    .data                 inited   0x2001'e4ac         4      0x34  main.o [7]
    .data                 inited   0x2001'e4e0         4      0x34  main.o [7]
    .data                 inited   0x2001'e514         4      0x34  main.o [7]
    .data                 inited   0x2001'e548         4      0x34  main.o [7]
    .data                 inited   0x2001'e57c         4      0x34  main.o [7]
    .data                 inited   0x2001'e5b0         4      0x2c  zf_driver_gpio.o [11]
    .data                 inited   0x2001'e5dc         4      0x28  zf_device_mt9v03x.o [10]
    .data                 inited   0x2001'e604         4      0x24  zf_device_mt9v03x.o [10]
    .data                 inited   0x2001'e628         4      0x24  zf_driver_uart.o [11]
    .data                 inited   0x2001'e64c         4      0x18  main.o [7]
    .data                 inited   0x2001'e664         4      0x18  main.o [7]
    .data                 inited   0x2001'e67c         4      0x14  zf_driver_encoder.o [11]
    .data                 inited   0x2001'e690         4      0x14  zf_driver_pwm.o [11]
    .data                 inited   0x2001'e6a4         4      0x14  zf_driver_spi.o [11]
    .data                 inited   0x2001'e6b8         4      0x10  main.o [7]
    .data                 inited   0x2001'e6c8         4      0x10  main.o [7]
    .data                 inited   0x2001'e6d8         4       0xc  zf_device_imu963ra.o [10]
    .data                 inited   0x2001'e6e4         4       0xc  zf_driver_timer.o [11]
    .data                 inited   0x2001'e6f0         4       0x4  main.o [7]
    .data                 inited   0x2001'e6f4         4       0x4  main.o [7]
    .data                 inited   0x2001'e6f8         4       0x4  main.o [7]
    .data                 inited   0x2001'e6fc         4       0x4  main.o [7]
    .data                 inited   0x2001'e700         4       0x4  main.o [7]
    .data                 inited   0x2001'e704         4       0x4  main.o [7]
    .data                 inited   0x2001'e708         4       0x4  main.o [7]
    .data                 inited   0x2001'e70c         4       0x4  main.o [7]
    .data                 inited   0x2001'e710         4       0x4  ppersuit.o [1]
    .data                 inited   0x2001'e714         4       0x4  ppersuit.o [1]
    .data                 inited   0x2001'e718         4       0x4  system_MIMXRT1064.o [5]
    .data                 inited   0x2001'e71c         4       0x4  zf_common_clock.o [8]
    .data                 inited   0x2001'e720         4       0x4  zf_device_type.o [10]
    .data                 inited   0x2001'e724         4       0x4  zf_device_type.o [10]
    .data                 inited   0x2001'e728         4       0x4  zf_device_type.o [10]
    .data                 inited   0x2001'e72c         4       0x4  zf_device_type.o [10]
    .data                 inited   0x2001'e730         4       0x4  zf_device_type.o [10]
    .data                 inited   0x2001'e734         4       0x4  zf_device_type.o [10]
    .data                 inited   0x2001'e738         2       0x2  zf_device_ips200.o [10]
    .data                 inited   0x2001'e73a         2       0x2  zf_device_ips200.o [10]
    .data                 inited   0x2001'e73c         2       0x2  zf_device_ips200.o [10]
    .data                 inited   0x2001'e73e         2       0x2  zf_device_ips200.o [10]
    .data                 inited   0x2001'e740                 0x1  zf_common_debug.o [8]
    .data                 inited   0x2001'e741                 0x1  zf_device_ips200.o [10]
    .data                 inited   0x2001'e742                 0x1  zf_device_ips200.o [10]
    .data                 inited   0x2001'e743                 0x1  zf_device_ips200.o [10]
    .data                 inited   0x2001'e744                 0x1  zf_device_ips200.o [10]
    .data                 inited   0x2001'e745                 0x1  zf_device_mt9v03x.o [10]
                                 - 0x2001'e746               0x31a

"P6":                                                        0x400
  HEAP                             0x2001'e748         8     0x400  <Block>
    HEAP                  uninit   0x2001'e748               0x400  <Block tail>
                                 - 0x2001'eb48               0x400

"P7":                                                       0x1000
  CSTACK                           0x2006'f000         8    0x1000  <Block>
    CSTACK                uninit   0x2006'f000              0x1000  <Block tail>
                                 - 0x2007'0000              0x1000

"A2":                                                        0x200
  .boot_hdr.conf          const    0x7000'0000         4     0x200  evkmimxrt1064_flexspi_nor_config.o [5]
                                 - 0x7000'0200               0x200

"A3":                                                         0x20
  .boot_hdr.ivt           const    0x7000'1000         4      0x20  fsl_flexspi_nor_boot.o [5]
                                 - 0x7000'1020                0x20

"A4":                                                         0x10
  .boot_hdr.boot_data     const    0x7000'1020         4      0x10  fsl_flexspi_nor_boot.o [5]
                                 - 0x7000'1030                0x10

"A5":                                                        0x410
  .boot_hdr.dcd_data      const    0x7000'1030         4     0x410  evkmimxrt1064_sdram_ini_dcd.o [5]
                                 - 0x7000'1440               0x410

"A0":                                                        0x440
  .intvec                 const    0x7000'2000         4     0x400  zf_common_vector.o [8]
  .intvec                 ro code  0x7000'2400         4      0x40  vector_table_M.o [14]
                                 - 0x7000'2440               0x440

"P1":                                                       0xc3d0
  .text                   ro code  0x7000'2440         2     0x1fa  lz77_init.o [14]
  .text                   ro code  0x7000'263a         2       0x6  abort.o [12]
  .text                   ro code  0x7000'2640         4      0x14  exit.o [15]
  .text                   ro code  0x7000'2654         4     0x124  system_MIMXRT1064.o [5]
  .text                   ro code  0x7000'2778         2       0x2  system_MIMXRT1064.o [5]
  .text                   ro code  0x7000'277c         4      0x6c  startup_MIMXRT1064.o [5]
  .text                   ro code  0x7000'27e8         2      0x38  zero_init3.o [14]
  .text                   ro code  0x7000'2820         4      0x2a  data_init.o [14]
  .text                   ro code  0x7000'284c         4      0x22  fpinit_M.o [13]
  .iar.init_table         const    0x7000'2870         4      0x88  - Linker created -
  Veneer                  ro code  0x7000'28f8         4       0x8  - Linker created -
  Veneer                  ro code  0x7000'2900         4       0x8  - Linker created -
  .text                   ro code  0x7000'2908         4      0x1e  cmain.o [14]
  .text                   ro code  0x7000'2926         2       0x4  low_level_init.o [12]
  .text                   ro code  0x7000'292c         4      0x1c  cstartup_M.o [14]
  .rodata                 const    0x7000'2948                 0x0  zero_init3.o [14]
  .rodata                 const    0x7000'2948                 0x0  lz77_init.o [14]
  Initializer bytes       const    0x7000'2948              0xb5d6  <for rw-1>
  Initializer bytes       const    0x7000'df1e               0x775  <for ITCM_VAR-1>
  Initializer bytes       const    0x7000'e693                0x1d  <for DTCM_VAR-1>
  Initializer bytes       const    0x7000'e6b0               0x160  <for P3-P5|P9 s0>
                                 - 0x7000'e810              0xc3d0

"P2|P11":                                                 0x1'16b9
  RW                               0x8000'0400            0x1'16b9  <Block>
    rw-1                           0x8000'0400            0x1'16b9  <Init block>
      .rodata             inited   0x8000'0400         8      0x48  IPM.o [1]
      .rodata             inited   0x8000'0448         8     0x420  pow64.o [13]
      .text               inited   0x8000'0868         8      0x60  atan.o [13]
      .text               inited   0x8000'08c8         8     0x118  xatan.o [13]
      .rodata             inited   0x8000'09e0         4      0x18  clock_config.o [5]
      .rodata             inited   0x8000'09f8         4      0x4c  clock_config.o [5]
      .rodata             inited   0x8000'0a44         4      0x10  clock_config.o [5]
      .rodata             inited   0x8000'0a54         4       0x8  clock_config.o [5]
      .rodata             inited   0x8000'0a5c         4      0x14  filter.o [1]
      .rodata             inited   0x8000'0a70         4      0x44  filter.o [1]
      .rodata             inited   0x8000'0ab4         4      0x14  filter.o [1]
      .rodata             inited   0x8000'0ac8         4      0x3c  filter.o [1]
      .rodata             inited   0x8000'0b04         4      0x2c  filter.o [1]
      .rodata             inited   0x8000'0b30         4      0x2c  fsl_assert.o [5]
      .rodata             inited   0x8000'0b5c         4      0x10  fsl_clock.o [6]
      .rodata             inited   0x8000'0b6c         4      0x4c  fsl_clock.o [6]
      .rodata             inited   0x8000'0bb8         4      0x10  fsl_clock.o [6]
      .rodata             inited   0x8000'0bc8         4      0x10  fsl_csi.o [6]
      .rodata             inited   0x8000'0bd8         4      0x4c  fsl_csi.o [6]
      .rodata             inited   0x8000'0c24         4      0x3c  fsl_csi.o [6]
      .rodata             inited   0x8000'0c60         4      0x4c  fsl_csi.o [6]
      .rodata             inited   0x8000'0cac         4       0xc  fsl_csi.o [6]
      .rodata             inited   0x8000'0cb8         4       0xc  fsl_csi.o [6]
      .rodata             inited   0x8000'0cc4         4       0x4  fsl_csi.o [6]
      .rodata             inited   0x8000'0cc8         4      0x4c  fsl_edma.o [6]
      .rodata             inited   0x8000'0d14         4      0x1c  fsl_edma.o [6]
      .rodata             inited   0x8000'0d30         4       0xc  fsl_edma.o [6]
      .rodata             inited   0x8000'0d3c         4      0x3c  fsl_enet.o [6]
      .rodata             inited   0x8000'0d78         4      0x4c  fsl_enet.o [6]
      .rodata             inited   0x8000'0dc4         4       0x8  fsl_enet.o [6]
      .rodata             inited   0x8000'0dcc         4      0x50  fsl_flexcan.o [6]
      .rodata             inited   0x8000'0e1c         4      0x18  fsl_flexcan.o [6]
      .rodata             inited   0x8000'0e34         4      0x18  fsl_flexcan.o [6]
      .rodata             inited   0x8000'0e4c         4      0x18  fsl_flexcan.o [6]
      .rodata             inited   0x8000'0e64         4      0x10  fsl_gpio.o [6]
      .rodata             inited   0x8000'0e74         4      0x4c  fsl_gpio.o [6]
      .rodata             inited   0x8000'0ec0         4      0x3c  fsl_gpio.o [6]
      .rodata             inited   0x8000'0efc         4      0x4c  fsl_gpio.o [6]
      .rodata             inited   0x8000'0f48         4       0xc  fsl_gpio.o [6]
      .rodata             inited   0x8000'0f54         4      0x2c  fsl_gpio.o [6]
      .rodata             inited   0x8000'0f80         4       0xc  fsl_gpio.o [6]
      .rodata             inited   0x8000'0f8c         4      0x10  fsl_gpt.o [6]
      .rodata             inited   0x8000'0f9c         4      0x4c  fsl_gpt.o [6]
      .rodata             inited   0x8000'0fe8         4      0x1c  fsl_gpt.o [6]
      .rodata             inited   0x8000'1004         4      0x4c  fsl_gpt.o [6]
      .rodata             inited   0x8000'1050         4      0x3c  fsl_gpt.o [6]
      .rodata             inited   0x8000'108c         4      0x4c  fsl_gpt.o [6]
      .rodata             inited   0x8000'10d8         4      0x10  fsl_gpt.o [6]
      .rodata             inited   0x8000'10e8         4       0xc  fsl_gpt.o [6]
      .rodata             inited   0x8000'10f4         4       0xc  fsl_gpt.o [6]
      .rodata             inited   0x8000'1100         4       0x8  fsl_gpt.o [6]
      .rodata             inited   0x8000'1108         4      0x10  fsl_lpspi.o [6]
      .rodata             inited   0x8000'1118         4      0x4c  fsl_lpspi.o [6]
      .rodata             inited   0x8000'1164         4      0x40  fsl_lpspi.o [6]
      .rodata             inited   0x8000'11a4         4      0x4c  fsl_lpspi.o [6]
      .rodata             inited   0x8000'11f0         4      0x14  fsl_lpspi.o [6]
      .rodata             inited   0x8000'1204         4      0x18  fsl_lpspi.o [6]
      .rodata             inited   0x8000'121c         4      0x10  fsl_lpspi.o [6]
      .rodata             inited   0x8000'122c         4       0xc  fsl_lpspi.o [6]
      .rodata             inited   0x8000'1238         4       0xc  fsl_lpspi.o [6]
      .rodata             inited   0x8000'1244         4      0x18  fsl_lpspi.o [6]
      .rodata             inited   0x8000'125c         4      0x18  fsl_lpspi.o [6]
      .rodata             inited   0x8000'1274         4      0x18  fsl_lpspi.o [6]
      .rodata             inited   0x8000'128c         4      0x18  fsl_lpspi.o [6]
      .rodata             inited   0x8000'12a4         4       0x8  fsl_lpspi.o [6]
      .rodata             inited   0x8000'12ac         4      0x14  fsl_lpspi.o [6]
      .rodata             inited   0x8000'12c0         4       0xc  fsl_lpspi.o [6]
      .rodata             inited   0x8000'12cc         4      0x10  fsl_lpuart.o [6]
      .rodata             inited   0x8000'12dc         4      0x4c  fsl_lpuart.o [6]
      .rodata             inited   0x8000'1328         4      0x40  fsl_lpuart.o [6]
      .rodata             inited   0x8000'1368         4      0x50  fsl_lpuart.o [6]
      .rodata             inited   0x8000'13b8         4       0xc  fsl_lpuart.o [6]
      .rodata             inited   0x8000'13c4         4       0xc  fsl_lpuart.o [6]
      .rodata             inited   0x8000'13d0         4      0x1c  fsl_lpuart.o [6]
      .rodata             inited   0x8000'13ec         4      0x28  fsl_lpuart.o [6]
      .rodata             inited   0x8000'1414         4      0x28  fsl_lpuart.o [6]
      .rodata             inited   0x8000'143c         4      0x24  fsl_lpuart.o [6]
      .rodata             inited   0x8000'1460         4      0x14  fsl_lpuart.o [6]
      .rodata             inited   0x8000'1474         4      0x10  fsl_pit.o [6]
      .rodata             inited   0x8000'1484         4      0x4c  fsl_pit.o [6]
      .rodata             inited   0x8000'14d0         4      0x3c  fsl_pit.o [6]
      .rodata             inited   0x8000'150c         4      0x4c  fsl_pit.o [6]
      .rodata             inited   0x8000'1558         4       0xc  fsl_pit.o [6]
      .rodata             inited   0x8000'1564         4       0x4  fsl_pit.o [6]
      .rodata             inited   0x8000'1568         4      0x10  fsl_pwm.o [6]
      .rodata             inited   0x8000'1578         4      0x4c  fsl_pwm.o [6]
      .rodata             inited   0x8000'15c4         4      0x3c  fsl_pwm.o [6]
      .rodata             inited   0x8000'1600         4      0x4c  fsl_pwm.o [6]
      .rodata             inited   0x8000'164c         4       0x8  fsl_pwm.o [6]
      .rodata             inited   0x8000'1654         4       0xc  fsl_pwm.o [6]
      .rodata             inited   0x8000'1660         4       0xc  fsl_pwm.o [6]
      .rodata             inited   0x8000'166c         4       0xc  fsl_pwm.o [6]
      .rodata             inited   0x8000'1678         4       0xc  fsl_pwm.o [6]
      .rodata             inited   0x8000'1684         4      0x1c  fsl_pwm.o [6]
      .rodata             inited   0x8000'16a0         4      0x14  fsl_pwm.o [6]
      .rodata             inited   0x8000'16b4         4      0x28  fsl_pwm.o [6]
      .rodata             inited   0x8000'16dc         4      0x10  fsl_qtmr.o [6]
      .rodata             inited   0x8000'16ec         4      0x4c  fsl_qtmr.o [6]
      .rodata             inited   0x8000'1738         4      0x3c  fsl_qtmr.o [6]
      .rodata             inited   0x8000'1774         4      0x4c  fsl_qtmr.o [6]
      .rodata             inited   0x8000'17c0         4       0xc  fsl_qtmr.o [6]
      .rodata             inited   0x8000'17cc         4      0x14  fsl_qtmr.o [6]
      .rodata             inited   0x8000'17e0         4       0xc  fsl_qtmr.o [6]
      .rodata             inited   0x8000'17ec         4      0x4c  fsl_sai.o [6]
      .rodata             inited   0x8000'1838         4      0x18  fsl_sai.o [6]
      .rodata             inited   0x8000'1850         4      0x18  fsl_sai.o [6]
      .rodata             inited   0x8000'1868         4       0xc  fsl_usdhc.o [6]
      .rodata             inited   0x8000'1874         4      0x14  Image_process.o [1]
      .rodata             inited   0x8000'1888         4      0x48  Image_process.o [1]
      .rodata             inited   0x8000'18d0         4      0x14  Image_process.o [1]
      .rodata             inited   0x8000'18e4         4      0x14  Image_process.o [1]
      .rodata             inited   0x8000'18f8         4      0x3c  Image_process.o [1]
      .rodata             inited   0x8000'1934         4      0x2c  Image_process.o [1]
      .rodata             inited   0x8000'1960         4      0x28  Image_process.o [1]
      .rodata             inited   0x8000'1988         4      0x14  Image_process.o [1]
      .rodata             inited   0x8000'199c         4      0x10  Image_process.o [1]
      .rodata             inited   0x8000'19ac         4      0x14  main.o [7]
      .rodata             inited   0x8000'19c0         4       0xc  zf_common_debug.o [8]
      .rodata             inited   0x8000'19cc         4      0x10  zf_common_debug.o [8]
      .rodata             inited   0x8000'19dc         4       0xc  zf_common_debug.o [8]
      .rodata             inited   0x8000'19e8         4      0x1c  zf_common_debug.o [8]
      .rodata             inited   0x8000'1a04         4      0x18  zf_common_debug.o [8]
      .rodata             inited   0x8000'1a1c         4      0x10  zf_common_debug.o [8]
      .rodata             inited   0x8000'1a2c         4       0xc  zf_common_debug.o [8]
      .rodata             inited   0x8000'1a38         4      0x50  zf_common_fifo.o [8]
      .rodata             inited   0x8000'1a88         4     0x5f0  zf_common_font.o [8]
      .rodata             inited   0x8000'2078         4     0x228  zf_common_font.o [8]
      .rodata             inited   0x8000'22a0         4      0x54  zf_common_function.o [8]
      .rodata             inited   0x8000'22f4         4      0x28  zf_device_imu963ra.o [10]
      .rodata             inited   0x8000'231c         4      0x54  zf_device_imu963ra.o [10]
      .rodata             inited   0x8000'2370         4      0x20  zf_device_imu963ra.o [10]
      .rodata             inited   0x8000'2390         4      0x54  zf_device_ips200.o [10]
      .rodata             inited   0x8000'23e4         4      0x1c  zf_device_mt9v03x.o [10]
      .rodata             inited   0x8000'2400         4      0x54  zf_device_mt9v03x.o [10]
      .rodata             inited   0x8000'2454         4      0x1c  zf_device_mt9v03x.o [10]
      .rodata             inited   0x8000'2470         4      0x18  zf_driver_csi.o [11]
      .rodata             inited   0x8000'2488         4      0x4c  zf_driver_csi.o [11]
      .rodata             inited   0x8000'24d4         4      0x50  zf_driver_csi.o [11]
      .rodata             inited   0x8000'2524         4      0x28  zf_driver_delay.o [11]
      .rodata             inited   0x8000'254c         4      0x4c  zf_driver_delay.o [11]
      .rodata             inited   0x8000'2598         4      0x54  zf_driver_encoder.o [11]
      .rodata             inited   0x8000'25ec         4       0xc  zf_driver_gpio.o [11]
      .rodata             inited   0x8000'25f8         4      0x4c  zf_driver_gpio.o [11]
      .rodata             inited   0x8000'2644         4       0xc  zf_driver_pit.o [11]
      .rodata             inited   0x8000'2650         4      0x4c  zf_driver_pit.o [11]
      .rodata             inited   0x8000'269c         4       0xc  zf_driver_pit.o [11]
      .rodata             inited   0x8000'26a8         4      0x50  zf_driver_pwm.o [11]
      .rodata             inited   0x8000'26f8         4      0x54  zf_driver_soft_iic.o [11]
      .rodata             inited   0x8000'274c         4      0x18  zf_driver_spi.o [11]
      .rodata             inited   0x8000'2764         4      0x4c  zf_driver_spi.o [11]
      .rodata             inited   0x8000'27b0         4      0x50  zf_driver_spi.o [11]
      .rodata             inited   0x8000'2800         4      0x28  zf_driver_timer.o [11]
      .rodata             inited   0x8000'2828         4      0x4c  zf_driver_timer.o [11]
      .rodata             inited   0x8000'2874         4      0x50  zf_driver_uart.o [11]
      .text               inited   0x8000'28c4         4     0x16c  auto_drive.o [1]
      .text               inited   0x8000'2a30         4     0x2ac  board.o [5]
      .text               inited   0x8000'2cdc         4     0x708  clock_config.o [5]
      .text               inited   0x8000'33e4         4      0x84  encoder.o [1]
      .text               inited   0x8000'3468         4      0x8c  filter.o [1]
      .text               inited   0x8000'34f4         4      0x1c  fsl_assert.o [5]
      .text               inited   0x8000'3510         4     0x818  fsl_clock.o [6]
      .text               inited   0x8000'3d28         4     0x680  fsl_csi.o [6]
      .text               inited   0x8000'43a8         4     0xafc  fsl_debug_console.o [5]
      .text               inited   0x8000'4ea4         4     0x4d0  fsl_edma.o [6]
      .text               inited   0x8000'5374         4     0x154  fsl_enet.o [6]
      .text               inited   0x8000'54c8         4      0xa4  fsl_flexcan.o [6]
      .text               inited   0x8000'556c         4      0x68  fsl_flexio.o [6]
      .text               inited   0x8000'55d4         4     0x22a  fsl_gpio.o [6]
      .text               inited   0x8000'5800         4     0x23c  fsl_gpt.o [6]
      .text               inited   0x8000'5a3c         4      0x94  fsl_lpi2c.o [6]
      .text               inited   0x8000'5ad0         4     0xc70  fsl_lpspi.o [6]
      .text               inited   0x8000'6740         4     0x554  fsl_lpuart.o [6]
      .text               inited   0x8000'6c94         4     0x15c  fsl_pit.o [6]
      .text               inited   0x8000'6df0         4     0xb44  fsl_pwm.o [6]
      .text               inited   0x8000'7934         4     0x1dc  fsl_qtmr.o [6]
      .text               inited   0x8000'7b10         4     0x148  fsl_sai.o [6]
      .text               inited   0x8000'7c58         4      0x48  fsl_spdif.o [6]
      .text               inited   0x8000'7ca0         4      0x38  fsl_usdhc.o [6]
      .text               inited   0x8000'7cd8         4      0x54  Image_process.o [1]
      .text               inited   0x8000'7d2c         4     0x138  IPM.o [1]
      .text               inited   0x8000'7e64         4     0x1c8  isr.o [7]
      Veneer              inited   0x8000'802c         4       0x8  - Linker created -
      Veneer              inited   0x8000'8034         4       0x8  - Linker created -
      Veneer              inited   0x8000'803c         4       0x8  - Linker created -
      Veneer              inited   0x8000'8044         4       0x8  - Linker created -
      Veneer              inited   0x8000'804c         4       0x8  - Linker created -
      Veneer              inited   0x8000'8054         4       0x8  - Linker created -
      Veneer              inited   0x8000'805c         4       0x8  - Linker created -
      Veneer              inited   0x8000'8064         4       0x8  - Linker created -
      Veneer              inited   0x8000'806c         4       0x8  - Linker created -
      Veneer              inited   0x8000'8074         4       0x8  - Linker created -
      .text               inited   0x8000'807c         4     0xeb0  main.o [7]
      .text               inited   0x8000'8f2c         4      0x6c  motor.o [1]
      .text               inited   0x8000'8f98         4     0x170  pid.o [1]
      .text               inited   0x8000'9108         4      0x80  ppersuit.o [1]
      .text               inited   0x8000'9188         4     0x180  usb_device_dci.o [4]
      .text               inited   0x8000'9308         4     0x61e  usb_device_ehci.o [4]
      .text               inited   0x8000'9928         4      0x20  zf_common_clock.o [8]
      .text               inited   0x8000'9948         4     0x558  zf_common_debug.o [8]
      .text               inited   0x8000'9ea0         4     0x604  zf_common_fifo.o [8]
      .text               inited   0x8000'a4a4         4      0xfc  zf_common_function.o [8]
      .text               inited   0x8000'a5a0         4     0x10c  zf_common_interrupt.o [8]
      .text               inited   0x8000'a6ac         4      0x1c  zf_device_camera.o [10]
      .text               inited   0x8000'a6c8         4     0x118  zf_device_gnss.o [10]
      .text               inited   0x8000'a7e0         4     0x3fc  zf_device_imu963ra.o [10]
      .text               inited   0x8000'abdc         4     0xe28  zf_device_ips200.o [10]
      .text               inited   0x8000'ba04         4     0x3b4  zf_device_mt9v03x.o [10]
      .text               inited   0x8000'bdb8         4      0x6c  zf_device_type.o [10]
      .text               inited   0x8000'be24         4      0x60  zf_device_wireless_uart.o [10]
      .text               inited   0x8000'be84         4     0x494  zf_driver_csi.o [11]
      .text               inited   0x8000'c318         4      0xc8  zf_driver_delay.o [11]
      .text               inited   0x8000'c3e0         4     0x5c6  zf_driver_encoder.o [11]
      .text               inited   0x8000'c9a8         4     0x42c  zf_driver_gpio.o [11]
      .text               inited   0x8000'cdd4         4     0x190  zf_driver_pit.o [11]
      .text               inited   0x8000'cf64         4     0x8fc  zf_driver_pwm.o [11]
      .text               inited   0x8000'd860         4     0x654  zf_driver_soft_iic.o [11]
      .text               inited   0x8000'deb4         4     0xb08  zf_driver_spi.o [11]
      .text               inited   0x8000'e9bc         4     0x128  zf_driver_timer.o [11]
      .text               inited   0x8000'eae4         4     0x5d4  zf_driver_uart.o [11]
      .text               inited   0x8000'f0b8         4      0x20  zf_driver_usb_cdc.o [11]
      .text               inited   0x8000'f0d8         4     0x6ac  zf_device_config.o [16]
      .text               inited   0x8000'f784         4      0x66  DblToS64.o [13]
      .text               inited   0x8000'f7ec         4      0x62  round.o [13]
      .text               inited   0x8000'f850         4      0xa6  ABImemcpy.o [14]
      .text               inited   0x8000'f8f8         4      0x66  ABImemset.o [14]
      .text               inited   0x8000'f960         4      0x16  strchr.o [14]
      .text               inited   0x8000'f978         4     0x274  I64DivMod.o [14]
      .text               inited   0x8000'fbec         4      0x54  S64ToDbl.o [13]
      .text               inited   0x8000'fc40         4      0x9e  modf.o [13]
      .text               inited   0x8000'fce0         4     0x514  pow64.o [13]
      .text               inited   0x8001'01f4         4      0x36  strlen.o [14]
      .text               inited   0x8001'022c         4      0x6a  atan2f.o [13]
      .text               inited   0x8001'0298         4      0x1e  sqrt.o [13]
      .text               inited   0x8001'02b8         4      0x1e  sqrtf.o [13]
      .text               inited   0x8001'02d8         4      0x28  printf.o [12]
      .text               inited   0x8001'0300         4      0x40  sprintf.o [12]
      .text               inited   0x8001'0340         4     0x13c  heap0.o [12]
      .text               inited   0x8001'047c         4       0x2  I64DivZer.o [14]
      .text               inited   0x8001'0480         4     0x2d0  iar_Exp64.o [13]
      .text               inited   0x8001'0750         4      0x88  frexp.o [13]
      .text               inited   0x8001'07d8         4      0xf0  ldexp.o [13]
      .text               inited   0x8001'08c8         4      0xa4  xatanf.o [13]
      .text               inited   0x8001'096c         4      0x2c  xgetmemchunk.o [12]
      .text               inited   0x8001'0998         4       0x8  xlocale_c.o [12]
      .text               inited   0x8001'09a0         4      0x58  memchr.o [14]
      .text               inited   0x8001'09f8         4      0x44  putchar.o [12]
      Veneer              inited   0x8001'0a3c         4       0x8  - Linker created -
      .text               inited   0x8001'0a44         4       0xa  cexit.o [14]
      .text               inited   0x8001'0a50         4     0xd12  xprintflarge_nomb.o [12]
      Veneer              inited   0x8001'1764         4       0x8  - Linker created -
      .text               inited   0x8001'176c         4      0x40  xfail_s.o [12]
      .rodata             inited   0x8001'17ac         2       0x2  fsl_csi.o [6]
      .rodata             inited   0x8001'17ae         2       0x2  fsl_csi.o [6]
      .rodata             inited   0x8001'17b0         2       0x2  fsl_pit.o [6]
      .rodata             inited   0x8001'17b2         2       0x2  xlocale_c.o [12]
      .text               inited   0x8001'17b4         2      0x10  zf_common_vector.o [8]
      .text               inited   0x8001'17c4         2       0x2  zf_common_vector.o [8]
      .text               inited   0x8001'17c6         2       0x8  zf_common_vector.o [8]
      .text               inited   0x8001'17ce         2       0x8  zf_common_vector.o [8]
      .text               inited   0x8001'17d6         2       0x8  zf_common_vector.o [8]
      .text               inited   0x8001'17de         2       0x8  zf_common_vector.o [8]
      .text               inited   0x8001'17e6         2       0x8  zf_common_vector.o [8]
      .text               inited   0x8001'17ee         2       0x8  zf_common_vector.o [8]
      .text               inited   0x8001'17f6         2       0x8  zf_common_vector.o [8]
      .text               inited   0x8001'17fe         2       0x8  zf_common_vector.o [8]
      .text               inited   0x8001'1806         2       0x8  zf_common_vector.o [8]
      .text               inited   0x8001'180e         2       0x8  zf_common_vector.o [8]
      .text               inited   0x8001'1816         2       0x8  zf_common_vector.o [8]
      .text               inited   0x8001'181e         2       0x8  zf_common_vector.o [8]
      .text               inited   0x8001'1826         2       0x8  zf_common_vector.o [8]
      .text               inited   0x8001'182e         2       0x8  zf_common_vector.o [8]
      .text               inited   0x8001'1836         2       0x8  zf_common_vector.o [8]
      .text               inited   0x8001'183e         2       0x8  zf_common_vector.o [8]
      .text               inited   0x8001'1846         2       0x8  zf_common_vector.o [8]
      .text               inited   0x8001'184e         2       0x2  zf_common_vector.o [8]
      .text               inited   0x8001'1850         2       0x2  zf_common_vector.o [8]
      .text               inited   0x8001'1852         2       0x2  zf_common_vector.o [8]
      .text               inited   0x8001'1854         2       0x8  zf_common_vector.o [8]
      .text               inited   0x8001'185c         2       0x8  zf_common_vector.o [8]
      .text               inited   0x8001'1864         2       0x8  zf_common_vector.o [8]
      .text               inited   0x8001'186c         2       0x8  zf_common_vector.o [8]
      .text               inited   0x8001'1874         2       0x8  zf_common_vector.o [8]
      .text               inited   0x8001'187c         2       0x8  zf_common_vector.o [8]
      .text               inited   0x8001'1884         2       0x8  zf_common_vector.o [8]
      .text               inited   0x8001'188c         2       0x8  zf_common_vector.o [8]
      .text               inited   0x8001'1894         2       0x8  zf_common_vector.o [8]
      .text               inited   0x8001'189c         2       0x8  zf_common_vector.o [8]
      .text               inited   0x8001'18a4         2       0x8  zf_common_vector.o [8]
      .text               inited   0x8001'18ac         2       0x2  zf_common_vector.o [8]
      .text               inited   0x8001'18ae         2       0x2  zf_common_vector.o [8]
      .text               inited   0x8001'18b0         2       0x2  zf_common_vector.o [8]
      .text               inited   0x8001'18b2         2       0x2  zf_common_vector.o [8]
      .text               inited   0x8001'18b4         2       0x2  zf_common_vector.o [8]
      .text               inited   0x8001'18b6         2       0x2  zf_common_vector.o [8]
      .text               inited   0x8001'18b8         2       0x2  zf_common_vector.o [8]
      .text               inited   0x8001'18ba         2       0x2  zf_common_vector.o [8]
      .text               inited   0x8001'18bc         2       0x2  zf_common_vector.o [8]
      .text               inited   0x8001'18be         2       0x2  zf_common_vector.o [8]
      .text               inited   0x8001'18c0         2       0x2  zf_common_vector.o [8]
      .text               inited   0x8001'18c2         2       0x2  zf_common_vector.o [8]
      .text               inited   0x8001'18c4         2       0x2  zf_common_vector.o [8]
      .text               inited   0x8001'18c6         2       0x2  zf_common_vector.o [8]
      .text               inited   0x8001'18c8         2       0x2  zf_common_vector.o [8]
      .text               inited   0x8001'18ca         2       0x2  zf_common_vector.o [8]
      .text               inited   0x8001'18cc         2       0x2  zf_common_vector.o [8]
      .text               inited   0x8001'18ce         2       0x8  zf_common_vector.o [8]
      .text               inited   0x8001'18d6         2       0x8  zf_common_vector.o [8]
      .text               inited   0x8001'18de         2       0x8  zf_common_vector.o [8]
      .text               inited   0x8001'18e6         2       0x8  zf_common_vector.o [8]
      .text               inited   0x8001'18ee         2       0x8  zf_common_vector.o [8]
      .text               inited   0x8001'18f6         2       0x2  zf_common_vector.o [8]
      .text               inited   0x8001'18f8         2       0x2  zf_common_vector.o [8]
      .text               inited   0x8001'18fa         2       0x2  zf_common_vector.o [8]
      .text               inited   0x8001'18fc         2       0x2  zf_common_vector.o [8]
      .text               inited   0x8001'18fe         2       0x2  zf_common_vector.o [8]
      .text               inited   0x8001'1900         2       0x2  zf_common_vector.o [8]
[...]
interrupt_set_priority  0x8000'a68f    0x14  Code  Gb  zf_common_interrupt.o [8]
ips200_bgcolor          0x2001'e73a     0x2  Data  Lc  zf_device_ips200.o [10]
ips200_clear            0x8000'af0d    0xac  Code  Gb  zf_device_ips200.o [10]
ips200_debug_init       0x8000'ae9f    0x6a  Code  Lc  zf_device_ips200.o [10]
ips200_display_dir      0x2001'e426     0x1  Data  Lc  zf_device_ips200.o [10]
ips200_display_font     0x2001'e741     0x1  Data  Lc  zf_device_ips200.o [10]
ips200_display_type     0x2001'e425     0x1  Data  Lc  zf_device_ips200.o [10]
ips200_init             0x8000'b691   0x346  Code  Gb  zf_device_ips200.o [10]
ips200_pencolor         0x2001'e738     0x2  Data  Lc  zf_device_ips200.o [10]
ips200_set_color        0x8000'aff9     0xe  Code  Gb  zf_device_ips200.o [10]
ips200_set_dir          0x8000'afb9    0x40  Code  Gb  zf_device_ips200.o [10]
ips200_set_region       0x8000'add9    0xc6  Code  Lc  zf_device_ips200.o [10]
ips200_show_char        0x8000'b007   0x232  Code  Gb  zf_device_ips200.o [10]
ips200_show_gray_image  0x8000'b4f1   0x18c  Code  Gb  zf_device_ips200.o [10]
ips200_show_int         0x8000'b2e9    0xf4  Code  Gb  zf_device_ips200.o [10]
ips200_show_string      0x8000'b23d    0xac  Code  Gb  zf_device_ips200.o [10]
ips200_show_uint        0x8000'b3e1    0xf2  Code  Gb  zf_device_ips200.o [10]
ips200_write_16bit_data
                        0x8000'acd7    0x7a  Code  Lc  zf_device_ips200.o [10]
ips200_write_16bit_data_array
                        0x8000'ad51    0x88  Code  Lc  zf_device_ips200.o [10]
ips200_write_8bit_data  0x8000'ac79    0x5e  Code  Lc  zf_device_ips200.o [10]
ips200_write_command    0x8000'ac0b    0x6e  Code  Lc  zf_device_ips200.o [10]
ips200_write_data       0x8000'abdd    0x2e  Code  Lc  zf_device_ips200.o [10]
ips200_x_max            0x2001'e73c     0x2  Data  Lc  zf_device_ips200.o [10]
ips200_y_max            0x2001'e73e     0x2  Data  Lc  zf_device_ips200.o [10]
ips_bl_pin              0x2001'e743     0x1  Data  Lc  zf_device_ips200.o [10]
ips_cs_pin              0x2001'e744     0x1  Data  Gb  zf_device_ips200.o [10]
ips_rst_pin             0x2001'e742     0x1  Data  Lc  zf_device_ips200.o [10]
ipts0                   0x2000'b0e0   0x320  Data  Gb  main.o [7]
ipts0_num               0x2001'dd14     0x4  Data  Gb  main.o [7]
ipts1                   0x2000'b400   0x320  Data  Gb  main.o [7]
ipts1_num               0x2001'dd18     0x4  Data  Gb  main.o [7]
is_straight0            0x2001'e419     0x1  Data  Gb  main.o [7]
is_straight1            0x2001'e41a     0x1  Data  Gb  main.o [7]
kalmanFilter            0x8000'3469    0x62  Code  Gb  filter.o [1]
langle                  0x2001'e08c     0x4  Data  Gb  main.o [7]
ldexp                   0x8001'07d9          Code  Gb  ldexp.o [13]
ldexpl                  0x8001'07d9          Code  Gb  ldexp.o [13]
leftfront               0x2001'e408     0x2  Data  Gb  encoder.o [1]
leftrear                0x2001'e40c     0x2  Data  Gb  encoder.o [1]
lf                      0x2001'e4ac    0x34  Data  Gb  main.o [7]
line_blur_kernel        0x2001'e700     0x4  Data  Gb  main.o [7]
lnbias                  0x8000'0448   0x420  Data  Lc  pow64.o [13]
local_angle_points            0xa11    0xf8  Code  Gb  Image_process.o [1]
localeconv              0x8001'0999     0x4  Code  Gb  xlocale_c.o [12]
lr                      0x2001'e514    0x34  Data  Gb  main.o [7]
m_boot_hdr_conf_start {Abs}
                        0x7000'0000          Data  Gb  <internal module>
main                    0x8000'8175   0x348  Code  Gb  main.o [7]
mecanum_basic           0x8000'28c5   0x144  Code  Gb  auto_drive.o [1]
memchr                  0x8001'09a1          Code  Gb  memchr.o [14]
modf                    0x8000'fc41          Code  Gb  modf.o [13]
modfl                   0x8000'fc41          Code  Gb  modf.o [13]
motor_speed             0x8000'8f85    0x12  Code  Gb  motor.o [1]
mt9v03x_finish_flag     0x2001'e427     0x1  Data  Gb  zf_device_mt9v03x.o [10]
mt9v03x_finished_callback
                        0x8000'bc1d    0x4e  Code  Gb  zf_device_mt9v03x.o [10]
mt9v03x_get_config      0x8000'bab3    0xca  Code  Lc  zf_device_mt9v03x.o [10]
mt9v03x_get_confing_buffer
                        0x2001'e604    0x24  Data  Lc  zf_device_mt9v03x.o [10]
mt9v03x_get_version     0x8000'bb7d    0x76  Code  Gb  zf_device_mt9v03x.o [10]
mt9v03x_h_blank         0x2001'e3a4     0x4  Data  Lc  zf_device_config.o [16]
mt9v03x_iic_inf_struct  0x2001'e390    0x10  Data  Lc  zf_device_config.o [16]
mt9v03x_image           0x2001'e2cc     0x4  Data  Gb  zf_device_mt9v03x.o [10]
mt9v03x_image1          0x2000'0080  0x5820  Data  Gb  zf_device_mt9v03x.o [10]
mt9v03x_image2          0x2000'58c0  0x5820  Data  Gb  zf_device_mt9v03x.o [10]
mt9v03x_init            0x8000'bc6b   0x10e  Code  Gb  zf_device_mt9v03x.o [10]
mt9v03x_init_config     0x2001'e37c    0x14  Data  Lc  zf_device_config.o [16]
mt9v03x_read_word_sccb  0x8000'f103    0x28  Code  Lc  zf_device_config.o [16]
mt9v03x_set_config      0x8000'ba05    0xae  Code  Lc  zf_device_mt9v03x.o [10]
mt9v03x_set_config_sccb
                        0x8000'f12b   0x646  Code  Gb  zf_device_config.o [16]
mt9v03x_set_confing_buffer
                        0x2001'e5dc    0x28  Data  Lc  zf_device_mt9v03x.o [10]
mt9v03x_type            0x2001'e745     0x1  Data  Lc  zf_device_mt9v03x.o [10]
mt9v03x_uart_callback   0x8000'bbf3    0x2a  Code  Lc  zf_device_mt9v03x.o [10]
mt9v03x_v_blank         0x2001'e3a0     0x4  Data  Lc  zf_device_config.o [16]
mt9v03x_version         0x2001'e416     0x2  Data  Lc  zf_device_mt9v03x.o [10]
mt9v03x_write_word_sccb
                        0x8000'f0d9    0x2a  Code  Lc  zf_device_config.o [16]
new_gyro_z              0x2001'e084     0x4  Data  Gb  main.o [7]
nms_angle                     0xb09    0x9e  Code  Gb  Image_process.o [1]
obuf                    0x2001'e3b4    0x50  Data  Lc  xfiles.o [12]
pit_init                0x8000'cee3    0x68  Code  Gb  zf_driver_pit.o [11]
pit_init::init_flag     0x2001'e42b     0x1  Data  Lc  zf_driver_pit.o [11]
pixel_per_meter         0x2001'e70c     0x4  Data  Gb  main.o [7]
pow                     0x8000'fce1   0x4c4  Code  Gb  pow64.o [13]
powl                    0x8000'fce1   0x4c4  Code  Gb  pow64.o [13]
printf                  0x8001'02d9    0x28  Code  Gb  printf.o [12]
process_image           0x8000'84d9   0x3de  Code  Gb  main.o [7]
putchar                 0x8001'09f9    0x44  Code  Gb  putchar.o [12]
pwm_init                0x8000'd4fd   0x222  Code  Gb  zf_driver_pwm.o [11]
pwm_iomuxc              0x8000'cfb1   0x49a  Code  Gb  zf_driver_pwm.o [11]
pwm_set_duty            0x8000'd44b    0xb2  Code  Gb  zf_driver_pwm.o [11]
qspiflash_config        0x7000'0000   0x200  Data  Gb  evkmimxrt1064_flexspi_nor_config.o [5]
qtimer_index            0x2001'e67c    0x14  Data  Gb  zf_driver_encoder.o [11]
qtimer_iomuxc           0x8000'c411   0x354  Code  Gb  zf_driver_encoder.o [11]
resample_points               0x78d    0xd8  Code  Gb  Image_process.o [1]
rf                      0x2001'e4e0    0x34  Data  Gb  main.o [7]
rightfront              0x2001'e40a     0x2  Data  Gb  encoder.o [1]
rightrear               0x2001'e40e     0x2  Data  Gb  encoder.o [1]
round                   0x8000'f7fd          Code  Gb  round.o [13]
roundl                  0x8000'f7fd          Code  Gb  round.o [13]
rpts                    0x2001'dd4c   0x320  Data  Gb  main.o [7]
rpts0a                  0x2000'c3a0   0x190  Data  Gb  main.o [7]
rpts0a_num              0x2001'dd2c     0x4  Data  Gb  main.o [7]
rpts0an                 0x2000'c6c0   0x190  Data  Gb  main.o [7]
rpts0an_num             0x2001'dd34     0x4  Data  Gb  main.o [7]
rpts0b                  0x2000'b720   0x320  Data  Gb  main.o [7]
rpts0b_num              0x2001'dd1c     0x4  Data  Gb  main.o [7]
rpts0s                  0x2000'bd60   0x320  Data  Gb  main.o [7]
rpts0s_num              0x2001'dd24     0x4  Data  Gb  main.o [7]
rpts1a                  0x2000'c530   0x190  Data  Gb  main.o [7]
rpts1a_num              0x2001'dd30     0x4  Data  Gb  main.o [7]
rpts1an                 0x2000'c850   0x190  Data  Gb  main.o [7]
rpts1an_num             0x2001'dd38     0x4  Data  Gb  main.o [7]
rpts1b                  0x2000'ba40   0x320  Data  Gb  main.o [7]
rpts1b_num              0x2001'dd20     0x4  Data  Gb  main.o [7]
rpts1s                  0x2000'c080   0x320  Data  Gb  main.o [7]
rpts1s_num              0x2001'dd28     0x4  Data  Gb  main.o [7]
rptsc0                  0x2000'c9e0   0x320  Data  Gb  main.o [7]
rptsc0_num              0x2001'dd3c     0x4  Data  Gb  main.o [7]
rptsc1                  0x2000'cd00   0x320  Data  Gb  main.o [7]
rptsc1_num              0x2001'dd40     0x4  Data  Gb  main.o [7]
rr                      0x2001'e548    0x34  Data  Gb  main.o [7]
s_EDMAHandle            0x2000'd044    0x80  Data  Lc  fsl_edma.o [6]
s_ENETHandle            0x2000'd0c4     0x8  Data  Lc  fsl_enet.o [6]
s_baudratePrescaler     0x8000'12a4     0x8  Data  Lc  fsl_lpspi.o [6]
s_cdcVcom               0x2001'e36c    0x10  Data  Gb  zf_driver_usb_cdc.o [11]
s_csiBases              0x8000'0cc4     0x4  Data  Lc  fsl_csi.o [6]
s_csiClocks             0x8001'17ac     0x2  Data  Lc  fsl_csi.o [6]
s_csiHandle             0x2000'd028     0x4  Data  Lc  fsl_csi.o [6]
s_csiIRQ                0x8001'17ae     0x2  Data  Lc  fsl_csi.o [6]
s_csiIsr                0x2000'd02c     0x4  Data  Lc  fsl_csi.o [6]
s_debugConsole          0x2000'd030    0x14  Data  Lc  fsl_debug_console.o [5]
s_enet1588TimerIsr      0x2000'd0ec     0x8  Data  Lc  fsl_enet.o [6]
s_enetBases             0x8000'0dc4     0x8  Data  Lc  fsl_enet.o [6]
s_enetErrIsr            0x2000'd0dc     0x8  Data  Lc  fsl_enet.o [6]
s_enetRxIsr             0x2000'd0d4     0x8  Data  Lc  fsl_enet.o [6]
s_enetTsIsr             0x2000'd0e4     0x8  Data  Lc  fsl_enet.o [6]
s_enetTxIsr             0x2000'd0cc     0x8  Data  Lc  fsl_enet.o [6]
s_flexcanHandle         0x2000'd0f4    0x10  Data  Lc  fsl_flexcan.o [6]
s_flexcanIsr            0x2000'd104     0x4  Data  Lc  fsl_flexcan.o [6]
s_flexioHandle          0x2000'd108     0x8  Data  Lc  fsl_flexio.o [6]
s_flexioIsr             0x2000'd118     0x8  Data  Lc  fsl_flexio.o [6]
s_flexioType            0x2000'd110     0x8  Data  Lc  fsl_flexio.o [6]
s_gpioBases             0x8000'0f54    0x2c  Data  Lc  fsl_gpio.o [6]
s_gpioClock             0x8000'0f80     0xc  Data  Lc  fsl_gpio.o [6]
s_gptBases              0x8000'10f4     0xc  Data  Lc  fsl_gpt.o [6]
s_gptClocks             0x8000'1100     0x8  Data  Lc  fsl_gpt.o [6]
s_lpi2cMasterHandle     0x2000'd124    0x14  Data  Gb  fsl_lpi2c.o [6]
s_lpi2cMasterIsr        0x2000'd120     0x4  Data  Gb  fsl_lpi2c.o [6]
s_lpi2cSlaveHandle      0x2000'd13c    0x14  Data  Lc  fsl_lpi2c.o [6]
s_lpi2cSlaveIsr         0x2000'd138     0x4  Data  Lc  fsl_lpi2c.o [6]
s_lpspiBases            0x8000'12ac    0x14  Data  Lc  fsl_lpspi.o [6]
s_lpspiClocks           0x8000'12c0     0xc  Data  Lc  fsl_lpspi.o [6]
s_lpspiHandle           0x2000'd150    0x14  Data  Lc  fsl_lpspi.o [6]
s_lpspiMasterIsr        0x2000'd164     0x4  Data  Lc  fsl_lpspi.o [6]
s_lpspiSlaveIsr         0x2000'd168     0x4  Data  Lc  fsl_lpspi.o [6]
s_lpuartBases           0x8000'143c    0x24  Data  Lc  fsl_lpuart.o [6]
s_lpuartClock           0x8000'1460    0x14  Data  Lc  fsl_lpuart.o [6]
s_lpuartHandle          0x2000'd174    0x24  Data  Gb  fsl_lpuart.o [6]
s_lpuartIsr             0x2000'd198     0x4  Data  Gb  fsl_lpuart.o [6]
s_pitBases              0x8000'1564     0x4  Data  Lc  fsl_pit.o [6]
s_pitClocks             0x8001'17b0     0x2  Data  Lc  fsl_pit.o [6]
s_pwmBases              0x8000'16a0    0x14  Data  Lc  fsl_pwm.o [6]
s_pwmClocks             0x8000'16b4    0x28  Data  Lc  fsl_pwm.o [6]
s_qtmrBases             0x8000'17cc    0x14  Data  Lc  fsl_qtmr.o [6]
s_qtmrClocks            0x8000'17e0     0xc  Data  Lc  fsl_qtmr.o [6]
s_saiHandle             0x2000'd19c    0x20  Data  Lc  fsl_sai.o [6]
s_saiRxIsr              0x2000'd1c0     0x4  Data  Lc  fsl_sai.o [6]
s_saiTxIsr              0x2000'd1bc     0x4  Data  Lc  fsl_sai.o [6]
s_spdifHandle           0x2000'd1c4     0x8  Data  Lc  fsl_spdif.o [6]
s_spdifRxIsr            0x2000'd1d0     0x4  Data  Lc  fsl_spdif.o [6]
s_spdifTxIsr            0x2000'd1cc     0x4  Data  Lc  fsl_spdif.o [6]
s_usdhcBase             0x8000'1868     0xc  Data  Lc  fsl_usdhc.o [6]
s_usdhcHandle           0x2000'd1d4     0xc  Data  Lc  fsl_usdhc.o [6]
s_usdhcIsr              0x2000'd1e0     0x4  Data  Lc  fsl_usdhc.o [6]
sample_dist             0x2001'e704     0x4  Data  Gb  main.o [7]
scalbln                 0x8001'07d9          Code  Gb  ldexp.o [13]
scalblnl                0x8001'07d9          Code  Gb  ldexp.o [13]
scalbn                  0x8001'07d9          Code  Gb  ldexp.o [13]
scalbnl                 0x8001'07d9          Code  Gb  ldexp.o [13]
scale                   0x8001'166d    0x46  Code  Lc  xprintflarge_nomb.o [12]
sec_hand                0x2001'e404     0x4  Data  Lc  xfail_s.o [12]
set_camera_type         0x8000'bdbb    0x1c  Code  Gb  zf_device_type.o [10]
set_wireless_type       0x8000'bdd7    0x34  Code  Gb  zf_device_type.o [10]
show0                   0x2001'8404  0x2c88  Data  Gb  main.o [7]
show1                   0x2001'b08c  0x2c88  Data  Gb  main.o [7]
soft_iic_init           0x8000'de31    0x7c  Code  Gb  zf_driver_soft_iic.o [11]
soft_iic_read_data      0x8000'dc59   0x118  Code  Lc  zf_driver_soft_iic.o [11]
soft_iic_sccb_read_register
                        0x8000'ddc5    0x6c  Code  Gb  zf_driver_soft_iic.o [11]
soft_iic_sccb_write_register
                        0x8000'dd79    0x4c  Code  Gb  zf_driver_soft_iic.o [11]
soft_iic_send_ack       0x8000'd9d5    0xce  Code  Lc  zf_driver_soft_iic.o [11]
soft_iic_send_data      0x8000'db77    0xe2  Code  Lc  zf_driver_soft_iic.o [11]
soft_iic_start          0x8000'd88d    0xa4  Code  Lc  zf_driver_soft_iic.o [11]
soft_iic_stop           0x8000'd931    0xa4  Code  Lc  zf_driver_soft_iic.o [11]
soft_iic_wait_ack       0x8000'daa3    0xd4  Code  Lc  zf_driver_soft_iic.o [11]
spi_cs_index            0x2001'e360     0xc  Data  Lc  zf_driver_spi.o [11]
spi_index               0x2001'e6a4    0x14  Data  Lc  zf_driver_spi.o [11]
spi_init                0x8000'e665   0x240  Code  Gb  zf_driver_spi.o [11]
spi_iomuxc              0x8000'dfe3   0x430  Code  Gb  zf_driver_spi.o [11]
spi_read_8bit_register  0x8000'e5c7    0x40  Code  Gb  zf_driver_spi.o [11]
spi_read_8bit_registers
                        0x8000'e607    0x50  Code  Gb  zf_driver_spi.o [11]
spi_write               0x8000'e413    0xfa  Code  Gb  zf_driver_spi.o [11]
spi_write_16bit         0x8000'e53f    0x1e  Code  Gb  zf_driver_spi.o [11]
spi_write_16bit_array   0x8000'e55d    0x36  Code  Gb  zf_driver_spi.o [11]
spi_write_8bit          0x8000'e52d    0x12  Code  Gb  zf_driver_spi.o [11]
spi_write_8bit_array    0x8000'e50d    0x20  Code  Gb  zf_driver_spi.o [11]
spi_write_8bit_register
                        0x8000'e593    0x34  Code  Gb  zf_driver_spi.o [11]
sprintf                 0x8001'0301    0x40  Code  Gb  sprintf.o [12]
sqrt                    0x8001'0299          Code  Gb  sqrt.o [13]
sqrtf                   0x8001'02b9          Code  Gb  sqrtf.o [13]
sqrtl                   0x8001'0299          Code  Gb  sqrt.o [13]
strchr                  0x8000'f961          Code  Gb  strchr.o [14]
strlen                  0x8001'01f5          Code  Gb  strlen.o [14]
strncmp                 0x8001'1a03    0x2a  Code  Gb  strncmp.o [12]
system_clock            0x2001'e71c     0x4  Data  Gb  zf_common_clock.o [8]
system_delay_init       0x8000'c3a9    0x2c  Code  Gb  zf_driver_delay.o [11]
system_delay_ms         0x8000'c36b    0x3e  Code  Gb  zf_driver_delay.o [11]
ta                      0x2001'e078     0x4  Data  Gb  main.o [7]
thres                   0x2001'e6f8     0x4  Data  Gb  main.o [7]
timer_clear             0x8000'ea37    0x26  Code  Gb  zf_driver_timer.o [11]
timer_get               0x8000'ea23    0x14  Code  Gb  zf_driver_timer.o [11]
timer_index             0x2001'e6e4     0xc  Data  Gb  zf_driver_timer.o [11]
timer_init              0x8000'ea5d    0x78  Code  Gb  zf_driver_timer.o [11]
timer_start             0x8000'e9fb    0x14  Code  Gb  zf_driver_timer.o [11]
timer_stop              0x8000'ea0f    0x14  Code  Gb  zf_driver_timer.o [11]
tof_module_exti_handler
                        0x2001'e734     0x4  Data  Gb  zf_device_type.o [10]
track_leftline                0x87d    0xca  Code  Gb  Image_process.o [1]
track_rightline               0x947    0xca  Code  Gb  Image_process.o [1]
type_default_callback   0x8000'bdb9     0x2  Code  Gb  zf_device_type.o [10]
uart_index              0x2001'e628    0x24  Data  Lc  zf_driver_uart.o [11]
uart_init               0x8000'ef4b    0x96  Code  Gb  zf_driver_uart.o [11]
uart_iomuxc             0x8000'eb1b   0x34a  Code  Gb  zf_driver_uart.o [11]
uart_query_byte         0x8000'eed9    0x34  Code  Gb  zf_driver_uart.o [11]
uart_rx_interrupt       0x8000'ef0d    0x3e  Code  Gb  zf_driver_uart.o [11]
uart_write_buffer       0x8000'ee8d    0x2a  Code  Gb  zf_driver_uart.o [11]
uart_write_byte         0x8000'ee65    0x28  Code  Gb  zf_driver_uart.o [11]
uart_write_string       0x8000'eeb7    0x22  Code  Gb  zf_driver_uart.o [11]
v                       0x2001'e074     0x4  Data  Gb  main.o [7]
wireless_module_spi_handler
                        0x2001'e730     0x4  Data  Gb  zf_device_type.o [10]
wireless_module_uart_handler
                        0x2001'e72c     0x4  Data  Gb  zf_device_type.o [10]
wireless_type           0x2001'e429     0x1  Data  Gb  zf_device_type.o [10]
wireless_uart_buffer    0x2001'e2e8    0x40  Data  Lc  zf_device_wireless_uart.o [10]
wireless_uart_callback  0x8000'be25     0xc  Code  Gb  zf_device_wireless_uart.o [10]
wireless_uart_data      0x2001'e42a     0x1  Data  Lc  zf_device_wireless_uart.o [10]
wireless_uart_fifo      0x2001'e2d0    0x18  Data  Lc  zf_device_wireless_uart.o [10]
wireless_uart_init      0x8000'be31    0x42  Code  Gb  zf_device_wireless_uart.o [10]
zf_debug_assert_enable  0x2001'e740     0x1  Data  Lc  zf_common_debug.o [8]
zf_debug_init_flag      0x2001'e41e     0x1  Data  Lc  zf_common_debug.o [8]


[1] = C:\Users\34049\Desktop\Intelligence Vision\project\iar\program\nor_sdram_zf_dtcm\Obj\code_17896468042025673432.dir
[2] = C:\Users\34049\Desktop\Intelligence Vision\project\iar\program\nor_sdram_zf_dtcm\Obj\components_fatfs_6246014242642884545.dir
[3] = C:\Users\34049\Desktop\Intelligence Vision\project\iar\program\nor_sdram_zf_dtcm\Obj\components_sdmmc_11335736203712880765.dir
[4] = C:\Users\34049\Desktop\Intelligence Vision\project\iar\program\nor_sdram_zf_dtcm\Obj\components_usb_17375887477349322284.dir
[5] = C:\Users\34049\Desktop\Intelligence Vision\project\iar\program\nor_sdram_zf_dtcm\Obj\sdk_device_3373403627085545761.dir
[6] = C:\Users\34049\Desktop\Intelligence Vision\project\iar\program\nor_sdram_zf_dtcm\Obj\sdk_drivers_13454894214809048885.dir
[7] = C:\Users\34049\Desktop\Intelligence Vision\project\iar\program\nor_sdram_zf_dtcm\Obj\user_c_11930989646151335152.dir
[8] = C:\Users\34049\Desktop\Intelligence Vision\project\iar\program\nor_sdram_zf_dtcm\Obj\zf_common_1201165462030747823.dir
[9] = C:\Users\34049\Desktop\Intelligence Vision\project\iar\program\nor_sdram_zf_dtcm\Obj\zf_components_14936052685886095442.dir
[10] = C:\Users\34049\Desktop\Intelligence Vision\project\iar\program\nor_sdram_zf_dtcm\Obj\zf_device_6570275422786408770.dir
[11] = C:\Users\34049\Desktop\Intelligence Vision\project\iar\program\nor_sdram_zf_dtcm\Obj\zf_driver_11922370083829174090.dir
[12] = dl7M_tlf.a
[13] = m7M_tlv.a
[14] = rt7M_tl.a
[15] = shb_l.a
[16] = zf_device_config.a

    1'214 bytes of readonly  code memory
   65'316 bytes of readwrite code memory
   51'602 bytes of readonly  data memory
  138'907 bytes of readwrite data memory

Errors: none
Warnings: none
